Archive member included to satisfy reference by file (symbol)

c:/stm32cubeide/plugins/com.st.stm32cube.ide.mcu.externaltools.gnu-tools-for-stm32.10.3-2021.10.win32_1.0.0.202111181127/tools/bin/../lib/gcc/arm-none-eabi/10.3.1/../../../../arm-none-eabi/lib/thumb/v7e-m+fp/hard\libc_nano.a(lib_a-errno.o)
                              ./Core/Src/syscalls.o (__errno)
c:/stm32cubeide/plugins/com.st.stm32cube.ide.mcu.externaltools.gnu-tools-for-stm32.10.3-2021.10.win32_1.0.0.202111181127/tools/bin/../lib/gcc/arm-none-eabi/10.3.1/../../../../arm-none-eabi/lib/thumb/v7e-m+fp/hard\libc_nano.a(lib_a-exit.o)
                              c:/stm32cubeide/plugins/com.st.stm32cube.ide.mcu.externaltools.gnu-tools-for-stm32.10.3-2021.10.win32_1.0.0.202111181127/tools/bin/../lib/gcc/arm-none-eabi/10.3.1/../../../../arm-none-eabi/lib/thumb/v7e-m+fp/hard/crt0.o (exit)
c:/stm32cubeide/plugins/com.st.stm32cube.ide.mcu.externaltools.gnu-tools-for-stm32.10.3-2021.10.win32_1.0.0.202111181127/tools/bin/../lib/gcc/arm-none-eabi/10.3.1/../../../../arm-none-eabi/lib/thumb/v7e-m+fp/hard\libc_nano.a(lib_a-impure.o)
                              c:/stm32cubeide/plugins/com.st.stm32cube.ide.mcu.externaltools.gnu-tools-for-stm32.10.3-2021.10.win32_1.0.0.202111181127/tools/bin/../lib/gcc/arm-none-eabi/10.3.1/../../../../arm-none-eabi/lib/thumb/v7e-m+fp/hard\libc_nano.a(lib_a-exit.o) (_global_impure_ptr)
c:/stm32cubeide/plugins/com.st.stm32cube.ide.mcu.externaltools.gnu-tools-for-stm32.10.3-2021.10.win32_1.0.0.202111181127/tools/bin/../lib/gcc/arm-none-eabi/10.3.1/../../../../arm-none-eabi/lib/thumb/v7e-m+fp/hard\libc_nano.a(lib_a-init.o)
                              c:/stm32cubeide/plugins/com.st.stm32cube.ide.mcu.externaltools.gnu-tools-for-stm32.10.3-2021.10.win32_1.0.0.202111181127/tools/bin/../lib/gcc/arm-none-eabi/10.3.1/../../../../arm-none-eabi/lib/thumb/v7e-m+fp/hard/crt0.o (__libc_init_array)
c:/stm32cubeide/plugins/com.st.stm32cube.ide.mcu.externaltools.gnu-tools-for-stm32.10.3-2021.10.win32_1.0.0.202111181127/tools/bin/../lib/gcc/arm-none-eabi/10.3.1/../../../../arm-none-eabi/lib/thumb/v7e-m+fp/hard\libc_nano.a(lib_a-memset.o)
                              c:/stm32cubeide/plugins/com.st.stm32cube.ide.mcu.externaltools.gnu-tools-for-stm32.10.3-2021.10.win32_1.0.0.202111181127/tools/bin/../lib/gcc/arm-none-eabi/10.3.1/../../../../arm-none-eabi/lib/thumb/v7e-m+fp/hard/crt0.o (memset)
c:/stm32cubeide/plugins/com.st.stm32cube.ide.mcu.externaltools.gnu-tools-for-stm32.10.3-2021.10.win32_1.0.0.202111181127/tools/bin/../lib/gcc/arm-none-eabi/10.3.1/../../../../arm-none-eabi/lib/thumb/v7e-m+fp/hard\libc_nano.a(lib_a-strlen.o)
                              ./Core/Src/main.o (strlen)
c:/stm32cubeide/plugins/com.st.stm32cube.ide.mcu.externaltools.gnu-tools-for-stm32.10.3-2021.10.win32_1.0.0.202111181127/tools/bin/../lib/gcc/arm-none-eabi/10.3.1/thumb/v7e-m+fp/hard\libgcc.a(_arm_muldf3.o)
                              ./Core/Src/main.o (__aeabi_dmul)
c:/stm32cubeide/plugins/com.st.stm32cube.ide.mcu.externaltools.gnu-tools-for-stm32.10.3-2021.10.win32_1.0.0.202111181127/tools/bin/../lib/gcc/arm-none-eabi/10.3.1/thumb/v7e-m+fp/hard\libgcc.a(_arm_addsubdf3.o)
                              ./Core/Src/main.o (__aeabi_i2d)
c:/stm32cubeide/plugins/com.st.stm32cube.ide.mcu.externaltools.gnu-tools-for-stm32.10.3-2021.10.win32_1.0.0.202111181127/tools/bin/../lib/gcc/arm-none-eabi/10.3.1/thumb/v7e-m+fp/hard\libgcc.a(_arm_muldivdf3.o)
                              ./Core/Src/main.o (__aeabi_ddiv)
c:/stm32cubeide/plugins/com.st.stm32cube.ide.mcu.externaltools.gnu-tools-for-stm32.10.3-2021.10.win32_1.0.0.202111181127/tools/bin/../lib/gcc/arm-none-eabi/10.3.1/thumb/v7e-m+fp/hard\libgcc.a(_arm_fixdfsi.o)
                              ./Core/Src/main.o (__aeabi_d2iz)
c:/stm32cubeide/plugins/com.st.stm32cube.ide.mcu.externaltools.gnu-tools-for-stm32.10.3-2021.10.win32_1.0.0.202111181127/tools/bin/../lib/gcc/arm-none-eabi/10.3.1/thumb/v7e-m+fp/hard\libgcc.a(_arm_fixunsdfsi.o)
                              ./Core/Src/main.o (__aeabi_d2uiz)

Discarded input sections

 .text          0x0000000000000000        0x0 c:/stm32cubeide/plugins/com.st.stm32cube.ide.mcu.externaltools.gnu-tools-for-stm32.10.3-2021.10.win32_1.0.0.202111181127/tools/bin/../lib/gcc/arm-none-eabi/10.3.1/thumb/v7e-m+fp/hard/crti.o
 .data          0x0000000000000000        0x0 c:/stm32cubeide/plugins/com.st.stm32cube.ide.mcu.externaltools.gnu-tools-for-stm32.10.3-2021.10.win32_1.0.0.202111181127/tools/bin/../lib/gcc/arm-none-eabi/10.3.1/thumb/v7e-m+fp/hard/crti.o
 .bss           0x0000000000000000        0x0 c:/stm32cubeide/plugins/com.st.stm32cube.ide.mcu.externaltools.gnu-tools-for-stm32.10.3-2021.10.win32_1.0.0.202111181127/tools/bin/../lib/gcc/arm-none-eabi/10.3.1/thumb/v7e-m+fp/hard/crti.o
[...]
Memory Configuration

Name             Origin             Length             Attributes
RAM              0x0000000020000000 0x0000000000004000 xrw
FLASH            0x0000000008000000 0x0000000000010000 xr
*default*        0x0000000000000000 0xffffffffffffffff

Linker script and memory map

LOAD c:/stm32cubeide/plugins/com.st.stm32cube.ide.mcu.externaltools.gnu-tools-for-stm32.10.3-2021.10.win32_1.0.0.202111181127/tools/bin/../lib/gcc/arm-none-eabi/10.3.1/thumb/v7e-m+fp/hard/crti.o
LOAD c:/stm32cubeide/plugins/com.st.stm32cube.ide.mcu.externaltools.gnu-tools-for-stm32.10.3-2021.10.win32_1.0.0.202111181127/tools/bin/../lib/gcc/arm-none-eabi/10.3.1/thumb/v7e-m+fp/hard/crtbegin.o
LOAD c:/stm32cubeide/plugins/com.st.stm32cube.ide.mcu.externaltools.gnu-tools-for-stm32.10.3-2021.10.win32_1.0.0.202111181127/tools/bin/../lib/gcc/arm-none-eabi/10.3.1/../../../../arm-none-eabi/lib/thumb/v7e-m+fp/hard/crt0.o
LOAD ./Core/Src/main.o
LOAD ./Core/Src/stm32f3xx_hal_msp.o
LOAD ./Core/Src/stm32f3xx_it.o
LOAD ./Core/Src/syscalls.o
LOAD ./Core/Src/sysmem.o
LOAD ./Core/Src/system_stm32f3xx.o
LOAD ./Core/Startup/startup_stm32f302r8tx.o
LOAD ./Drivers/STM32F3xx_HAL_Driver/Src/stm32f3xx_hal.o
LOAD ./Drivers/STM32F3xx_HAL_Driver/Src/stm32f3xx_hal_cortex.o
LOAD ./Drivers/STM32F3xx_HAL_Driver/Src/stm32f3xx_hal_dma.o
LOAD ./Drivers/STM32F3xx_HAL_Driver/Src/stm32f3xx_hal_exti.o
LOAD ./Drivers/STM32F3xx_HAL_Driver/Src/stm32f3xx_hal_flash.o
LOAD ./Drivers/STM32F3xx_HAL_Driver/Src/stm32f3xx_hal_flash_ex.o
LOAD ./Drivers/STM32F3xx_HAL_Driver/Src/stm32f3xx_hal_gpio.o
LOAD ./Drivers/STM32F3xx_HAL_Driver/Src/stm32f3xx_hal_i2c.o
LOAD ./Drivers/STM32F3xx_HAL_Driver/Src/stm32f3xx_hal_i2c_ex.o
LOAD ./Drivers/STM32F3xx_HAL_Driver/Src/stm32f3xx_hal_pwr.o
LOAD ./Drivers/STM32F3xx_HAL_Driver/Src/stm32f3xx_hal_pwr_ex.o
LOAD ./Drivers/STM32F3xx_HAL_Driver/Src/stm32f3xx_hal_rcc.o
LOAD ./Drivers/STM32F3xx_HAL_Driver/Src/stm32f3xx_hal_rcc_ex.o
LOAD ./Drivers/STM32F3xx_HAL_Driver/Src/stm32f3xx_hal_tim.o
LOAD ./Drivers/STM32F3xx_HAL_Driver/Src/stm32f3xx_hal_tim_ex.o
LOAD ./Drivers/STM32F3xx_HAL_Driver/Src/stm32f3xx_hal_uart.o
LOAD ./Drivers/STM32F3xx_HAL_Driver/Src/stm32f3xx_hal_uart_ex.o
START GROUP
LOAD c:/stm32cubeide/plugins/com.st.stm32cube.ide.mcu.externaltools.gnu-tools-for-stm32.10.3-2021.10.win32_1.0.0.202111181127/tools/bin/../lib/gcc/arm-none-eabi/10.3.1/../../../../arm-none-eabi/lib/thumb/v7e-m+fp/hard\libc_nano.a
LOAD c:/stm32cubeide/plugins/com.st.stm32cube.ide.mcu.externaltools.gnu-tools-for-stm32.10.3-2021.10.win32_1.0.0.202111181127/tools/bin/../lib/gcc/arm-none-eabi/10.3.1/../../../../arm-none-eabi/lib/thumb/v7e-m+fp/hard\libm.a
END GROUP
START GROUP
LOAD c:/stm32cubeide/plugins/com.st.stm32cube.ide.mcu.externaltools.gnu-tools-for-stm32.10.3-2021.10.win32_1.0.0.202111181127/tools/bin/../lib/gcc/arm-none-eabi/10.3.1/thumb/v7e-m+fp/hard\libgcc.a
LOAD c:/stm32cubeide/plugins/com.st.stm32cube.ide.mcu.externaltools.gnu-tools-for-stm32.10.3-2021.10.win32_1.0.0.202111181127/tools/bin/../lib/gcc/arm-none-eabi/10.3.1/../../../../arm-none-eabi/lib/thumb/v7e-m+fp/hard\libc_nano.a
END GROUP
START GROUP
LOAD c:/stm32cubeide/plugins/com.st.stm32cube.ide.mcu.externaltools.gnu-tools-for-stm32.10.3-2021.10.win32_1.0.0.202111181127/tools/bin/../lib/gcc/arm-none-eabi/10.3.1/thumb/v7e-m+fp/hard\libgcc.a
LOAD c:/stm32cubeide/plugins/com.st.stm32cube.ide.mcu.externaltools.gnu-tools-for-stm32.10.3-2021.10.win32_1.0.0.202111181127/tools/bin/../lib/gcc/arm-none-eabi/10.3.1/../../../../arm-none-eabi/lib/thumb/v7e-m+fp/hard\libc_nano.a
LOAD c:/stm32cubeide/plugins/com.st.stm32cube.ide.mcu.externaltools.gnu-tools-for-stm32.10.3-2021.10.win32_1.0.0.202111181127/tools/bin/../lib/gcc/arm-none-eabi/10.3.1/../../../../arm-none-eabi/lib/thumb/v7e-m+fp/hard\libnosys.a
END GROUP
START GROUP
LOAD c:/stm32cubeide/plugins/com.st.stm32cube.ide.mcu.externaltools.gnu-tools-for-stm32.10.3-2021.10.win32_1.0.0.202111181127/tools/bin/../lib/gcc/arm-none-eabi/10.3.1/thumb/v7e-m+fp/hard\libgcc.a
LOAD c:/stm32cubeide/plugins/com.st.stm32cube.ide.mcu.externaltools.gnu-tools-for-stm32.10.3-2021.10.win32_1.0.0.202111181127/tools/bin/../lib/gcc/arm-none-eabi/10.3.1/../../../../arm-none-eabi/lib/thumb/v7e-m+fp/hard\libc_nano.a
LOAD c:/stm32cubeide/plugins/com.st.stm32cube.ide.mcu.externaltools.gnu-tools-for-stm32.10.3-2021.10.win32_1.0.0.202111181127/tools/bin/../lib/gcc/arm-none-eabi/10.3.1/../../../../arm-none-eabi/lib/thumb/v7e-m+fp/hard\libnosys.a
END GROUP
LOAD c:/stm32cubeide/plugins/com.st.stm32cube.ide.mcu.externaltools.gnu-tools-for-stm32.10.3-2021.10.win32_1.0.0.202111181127/tools/bin/../lib/gcc/arm-none-eabi/10.3.1/thumb/v7e-m+fp/hard/crtend.o
LOAD c:/stm32cubeide/plugins/com.st.stm32cube.ide.mcu.externaltools.gnu-tools-for-stm32.10.3-2021.10.win32_1.0.0.202111181127/tools/bin/../lib/gcc/arm-none-eabi/10.3.1/thumb/v7e-m+fp/hard/crtn.o
                0x0000000020004000                _estack = (ORIGIN (RAM) + LENGTH (RAM))
                0x0000000000000200                _Min_Heap_Size = 0x200
                0x0000000000000400                _Min_Stack_Size = 0x400

.isr_vector     0x0000000008000000      0x188
                0x0000000008000000                . = ALIGN (0x4)
 *(.isr_vector)
 .isr_vector    0x0000000008000000      0x188 ./Core/Startup/startup_stm32f302r8tx.o
                0x0000000008000000                g_pfnVectors
                0x0000000008000188                . = ALIGN (0x4)

.text           0x0000000008000188     0x6b28
                0x0000000008000188                . = ALIGN (0x4)
 *(.text)
 .text          0x0000000008000188       0x40 c:/stm32cubeide/plugins/com.st.stm32cube.ide.mcu.externaltools.gnu-tools-for-stm32.10.3-2021.10.win32_1.0.0.202111181127/tools/bin/../lib/gcc/arm-none-eabi/10.3.1/thumb/v7e-m+fp/hard/crtbegin.o
 .text          0x00000000080001c8       0x10 c:/stm32cubeide/plugins/com.st.stm32cube.ide.mcu.externaltools.gnu-tools-for-stm32.10.3-2021.10.win32_1.0.0.202111181127/tools/bin/../lib/gcc/arm-none-eabi/10.3.1/../../../../arm-none-eabi/lib/thumb/v7e-m+fp/hard\libc_nano.a(lib_a-strlen.o)
                0x00000000080001c8                strlen
 .text          0x00000000080001d8      0x378 c:/stm32cubeide/plugins/com.st.stm32cube.ide.mcu.externaltools.gnu-tools-for-stm32.10.3-2021.10.win32_1.0.0.202111181127/tools/bin/../lib/gcc/arm-none-eabi/10.3.1/thumb/v7e-m+fp/hard\libgcc.a(_arm_addsubdf3.o)
                0x00000000080001d8                __aeabi_drsub
                0x00000000080001e0                __aeabi_dsub
                0x00000000080001e0                __subdf3
                0x00000000080001e4                __aeabi_dadd
                0x00000000080001e4                __adddf3
                0x000000000800045c                __floatunsidf
                0x000000000800045c                __aeabi_ui2d
                0x000000000800047c                __floatsidf
                0x000000000800047c                __aeabi_i2d
                0x00000000080004a0                __aeabi_f2d
                0x00000000080004a0                __extendsfdf2
                0x00000000080004e4                __floatundidf
                0x00000000080004e4                __aeabi_ul2d
                0x00000000080004f4                __floatdidf
                0x00000000080004f4                __aeabi_l2d
 .text          0x0000000008000550      0x424 c:/stm32cubeide/plugins/com.st.stm32cube.ide.mcu.externaltools.gnu-tools-for-stm32.10.3-2021.10.win32_1.0.0.202111181127/tools/bin/../lib/gcc/arm-none-eabi/10.3.1/thumb/v7e-m+fp/hard\libgcc.a(_arm_muldivdf3.o)
                0x0000000008000550                __aeabi_dmul
                0x0000000008000550                __muldf3
                0x00000000080007a4                __divdf3
                0x00000000080007a4                __aeabi_ddiv
 .text          0x0000000008000974       0x50 c:/stm32cubeide/plugins/com.st.stm32cube.ide.mcu.externaltools.gnu-tools-for-stm32.10.3-2021.10.win32_1.0.0.202111181127/tools/bin/../lib/gcc/arm-none-eabi/10.3.1/thumb/v7e-m+fp/hard\libgcc.a(_arm_fixdfsi.o)
                0x0000000008000974                __aeabi_d2iz
                0x0000000008000974                __fixdfsi
 .text          0x00000000080009c4       0x40 c:/stm32cubeide/plugins/com.st.stm32cube.ide.mcu.externaltools.gnu-tools-for-stm32.10.3-2021.10.win32_1.0.0.202111181127/tools/bin/../lib/gcc/arm-none-eabi/10.3.1/thumb/v7e-m+fp/hard\libgcc.a(_arm_fixunsdfsi.o)
                0x00000000080009c4                __aeabi_d2uiz
                0x00000000080009c4                __fixunsdfsi
 *(.text*)
 .text.main     0x0000000008000a04      0x70c ./Core/Src/main.o
                0x0000000008000a04                main
 .text.SystemClock_Config
                0x0000000008001110       0xb4 ./Core/Src/main.o
                0x0000000008001110                SystemClock_Config
 .text.MX_TIM2_Init
                0x00000000080011c4       0xa8 ./Core/Src/main.o
 .text.MX_TIM6_Init
                0x000000000800126c       0x6c ./Core/Src/main.o
 .text.MX_TIM15_Init
                0x00000000080012d8      0x10c ./Core/Src/main.o
 .text.MX_USART1_UART_Init
                0x00000000080013e4       0x60 ./Core/Src/main.o
 .text.MX_USART2_UART_Init
                0x0000000008001444       0x60 ./Core/Src/main.o
 .text.MX_DMA_Init
                0x00000000080014a4       0x4c ./Core/Src/main.o
 .text.MX_GPIO_Init
                0x00000000080014f0       0xd0 ./Core/Src/main.o
 .text.HAL_UART_TxCpltCallback
                0x00000000080015c0       0x20 ./Core/Src/main.o
                0x00000000080015c0                HAL_UART_TxCpltCallback
 .text.Transmit_DMA
                0x00000000080015e0       0x48 ./Core/Src/main.o
                0x00000000080015e0                Transmit_DMA
 .text.HAL_TIM_PeriodElapsedCallback
                0x0000000008001628      0x1d4 ./Core/Src/main.o
                0x0000000008001628                HAL_TIM_PeriodElapsedCallback
 .text.CalculateCRC16
                0x00000000080017fc       0x80 ./Core/Src/main.o
                0x00000000080017fc                CalculateCRC16
 .text.Make_Rply_Head
                0x000000000800187c       0x80 ./Core/Src/main.o
                0x000000000800187c                Make_Rply_Head
 .text.Error_Handler
                0x00000000080018fc        0xa ./Core/Src/main.o
                0x00000000080018fc                Error_Handler
 *fill*         0x0000000008001906        0x2 
 .text.HAL_MspInit
                0x0000000008001908       0x48 ./Core/Src/stm32f3xx_hal_msp.o
                0x0000000008001908                HAL_MspInit
 .text.HAL_TIM_Encoder_MspInit
                0x0000000008001950       0x80 ./Core/Src/stm32f3xx_hal_msp.o
                0x0000000008001950                HAL_TIM_Encoder_MspInit
 .text.HAL_TIM_Base_MspInit
                0x00000000080019d0       0x4c ./Core/Src/stm32f3xx_hal_msp.o
                0x00000000080019d0                HAL_TIM_Base_MspInit
 .text.HAL_TIM_PWM_MspInit
                0x0000000008001a1c       0x40 ./Core/Src/stm32f3xx_hal_msp.o
                0x0000000008001a1c                HAL_TIM_PWM_MspInit
 .text.HAL_TIM_MspPostInit
                0x0000000008001a5c       0x70 ./Core/Src/stm32f3xx_hal_msp.o
                0x0000000008001a5c                HAL_TIM_MspPostInit
 .text.HAL_UART_MspInit
                0x0000000008001acc      0x1a0 ./Core/Src/stm32f3xx_hal_msp.o
                0x0000000008001acc                HAL_UART_MspInit
 .text.NMI_Handler
                0x0000000008001c6c        0x6 ./Core/Src/stm32f3xx_it.o
                0x0000000008001c6c                NMI_Handler
 .text.HardFault_Handler
                0x0000000008001c72        0x6 ./Core/Src/stm32f3xx_it.o
                0x0000000008001c72                HardFault_Handler
 .text.MemManage_Handler
                0x0000000008001c78        0x6 ./Core/Src/stm32f3xx_it.o
                0x0000000008001c78                MemManage_Handler
 .text.BusFault_Handler
                0x0000000008001c7e        0x6 ./Core/Src/stm32f3xx_it.o
                0x0000000008001c7e                BusFault_Handler
 .text.UsageFault_Handler
                0x0000000008001c84        0x6 ./Core/Src/stm32f3xx_it.o
                0x0000000008001c84                UsageFault_Handler
 .text.SVC_Handler
                0x0000000008001c8a        0xe ./Core/Src/stm32f3xx_it.o
                0x0000000008001c8a                SVC_Handler
 .text.DebugMon_Handler
                0x0000000008001c98        0xe ./Core/Src/stm32f3xx_it.o
                0x0000000008001c98                DebugMon_Handler
 .text.PendSV_Handler
                0x0000000008001ca6        0xe ./Core/Src/stm32f3xx_it.o
                0x0000000008001ca6                PendSV_Handler
 .text.SysTick_Handler
                0x0000000008001cb4        0xc ./Core/Src/stm32f3xx_it.o
                0x0000000008001cb4                SysTick_Handler
 .text.DMA1_Channel4_IRQHandler
                0x0000000008001cc0       0x14 ./Core/Src/stm32f3xx_it.o
                0x0000000008001cc0                DMA1_Channel4_IRQHandler
 .text.DMA1_Channel5_IRQHandler
                0x0000000008001cd4       0x14 ./Core/Src/stm32f3xx_it.o
                0x0000000008001cd4                DMA1_Channel5_IRQHandler
 .text.USART1_IRQHandler
                0x0000000008001ce8       0x18 ./Core/Src/stm32f3xx_it.o
                0x0000000008001ce8                USART1_IRQHandler
 .text.TIM6_DAC_IRQHandler
                0x0000000008001d00       0x14 ./Core/Src/stm32f3xx_it.o
                0x0000000008001d00                TIM6_DAC_IRQHandler
 .text.USER_UART_IRQHandler
                0x0000000008001d14       0x40 ./Core/Src/stm32f3xx_it.o
                0x0000000008001d14                USER_UART_IRQHandler
 .text.USER_UART_IDLECallback
                0x0000000008001d54       0x80 ./Core/Src/stm32f3xx_it.o
                0x0000000008001d54                USER_UART_IDLECallback
 .text.SystemInit
                0x0000000008001dd4       0x24 ./Core/Src/system_stm32f3xx.o
                0x0000000008001dd4                SystemInit
 .text.Reset_Handler
                0x0000000008001df8       0x50 ./Core/Startup/startup_stm32f302r8tx.o
                0x0000000008001df8                Reset_Handler
 .text.Default_Handler
                0x0000000008001e48        0x2 ./Core/Startup/startup_stm32f302r8tx.o
                0x0000000008001e48                RTC_Alarm_IRQHandler
                0x0000000008001e48                TIM1_CC_IRQHandler
                0x0000000008001e48                USB_HP_IRQHandler
                0x0000000008001e48                PVD_IRQHandler
                0x0000000008001e48                TAMP_STAMP_IRQHandler
                0x0000000008001e48                EXTI3_IRQHandler
                0x0000000008001e48                I2C3_ER_IRQHandler
                0x0000000008001e48                USB_HP_CAN_TX_IRQHandler
                0x0000000008001e48                EXTI0_IRQHandler
                0x0000000008001e48                I2C2_EV_IRQHandler
                0x0000000008001e48                FPU_IRQHandler
                0x0000000008001e48                TIM1_UP_TIM16_IRQHandler
                0x0000000008001e48                CAN_SCE_IRQHandler
                0x0000000008001e48                ADC1_IRQHandler
                0x0000000008001e48                USART3_IRQHandler
                0x0000000008001e48                DMA1_Channel7_IRQHandler
                0x0000000008001e48                CAN_RX1_IRQHandler
                0x0000000008001e48                I2C1_EV_IRQHandler
                0x0000000008001e48                DMA1_Channel6_IRQHandler
                0x0000000008001e48                RCC_IRQHandler
                0x0000000008001e48                DMA1_Channel1_IRQHandler
                0x0000000008001e48                Default_Handler
                0x0000000008001e48                USBWakeUp_RMP_IRQHandler
                0x0000000008001e48                EXTI15_10_IRQHandler
                0x0000000008001e48                COMP2_IRQHandler
                0x0000000008001e48                I2C3_EV_IRQHandler
                0x0000000008001e48                EXTI9_5_IRQHandler
                0x0000000008001e48                RTC_WKUP_IRQHandler
                0x0000000008001e48                SPI2_IRQHandler
                0x0000000008001e48                USB_LP_CAN_RX0_IRQHandler
                0x0000000008001e48                USB_LP_IRQHandler
                0x0000000008001e48                EXTI4_IRQHandler
                0x0000000008001e48                TIM1_TRG_COM_TIM17_IRQHandler
                0x0000000008001e48                DMA1_Channel3_IRQHandler
                0x0000000008001e48                WWDG_IRQHandler
                0x0000000008001e48                TIM2_IRQHandler
                0x0000000008001e48                EXTI1_IRQHandler
                0x0000000008001e48                COMP4_6_IRQHandler
                0x0000000008001e48                USART2_IRQHandler
                0x0000000008001e48                I2C2_ER_IRQHandler
                0x0000000008001e48                DMA1_Channel2_IRQHandler
                0x0000000008001e48                FLASH_IRQHandler
                0x0000000008001e48                SPI3_IRQHandler
                0x0000000008001e48                I2C1_ER_IRQHandler
                0x0000000008001e48                USBWakeUp_IRQHandler
                0x0000000008001e48                EXTI2_TSC_IRQHandler
                0x0000000008001e48                TIM1_BRK_TIM15_IRQHandler
 *fill*         0x0000000008001e4a        0x2 
 .text.HAL_Init
                0x0000000008001e4c       0x2c ./Drivers/STM32F3xx_HAL_Driver/Src/stm32f3xx_hal.o
                0x0000000008001e4c                HAL_Init
 .text.HAL_InitTick
                0x0000000008001e78       0x60 ./Drivers/STM32F3xx_HAL_Driver/Src/stm32f3xx_hal.o
                0x0000000008001e78                HAL_InitTick
 .text.HAL_IncTick
                0x0000000008001ed8       0x28 ./Drivers/STM32F3xx_HAL_Driver/Src/stm32f3xx_hal.o
                0x0000000008001ed8                HAL_IncTick
 .text.HAL_GetTick
                0x0000000008001f00       0x18 ./Drivers/STM32F3xx_HAL_Driver/Src/stm32f3xx_hal.o
                0x0000000008001f00                HAL_GetTick
 .text.__NVIC_SetPriorityGrouping
                0x0000000008001f18       0x48 ./Drivers/STM32F3xx_HAL_Driver/Src/stm32f3xx_hal_cortex.o
 .text.__NVIC_GetPriorityGrouping
                0x0000000008001f60       0x1c ./Drivers/STM32F3xx_HAL_Driver/Src/stm32f3xx_hal_cortex.o
 .text.__NVIC_EnableIRQ
                0x0000000008001f7c       0x3c ./Drivers/STM32F3xx_HAL_Driver/Src/stm32f3xx_hal_cortex.o
 .text.__NVIC_SetPriority
                0x0000000008001fb8       0x54 ./Drivers/STM32F3xx_HAL_Driver/Src/stm32f3xx_hal_cortex.o
 .text.NVIC_EncodePriority
                0x000000000800200c       0x66 ./Drivers/STM32F3xx_HAL_Driver/Src/stm32f3xx_hal_cortex.o
 *fill*         0x0000000008002072        0x2 
 .text.SysTick_Config
                0x0000000008002074       0x44 ./Drivers/STM32F3xx_HAL_Driver/Src/stm32f3xx_hal_cortex.o
 .text.HAL_NVIC_SetPriorityGrouping
                0x00000000080020b8       0x16 ./Drivers/STM32F3xx_HAL_Driver/Src/stm32f3xx_hal_cortex.o
                0x00000000080020b8                HAL_NVIC_SetPriorityGrouping
 .text.HAL_NVIC_SetPriority
                0x00000000080020ce       0x38 ./Drivers/STM32F3xx_HAL_Driver/Src/stm32f3xx_hal_cortex.o
                0x00000000080020ce                HAL_NVIC_SetPriority
 .text.HAL_NVIC_EnableIRQ
                0x0000000008002106       0x1c ./Drivers/STM32F3xx_HAL_Driver/Src/stm32f3xx_hal_cortex.o
                0x0000000008002106                HAL_NVIC_EnableIRQ
 .text.HAL_SYSTICK_Config
                0x0000000008002122       0x18 ./Drivers/STM32F3xx_HAL_Driver/Src/stm32f3xx_hal_cortex.o
                0x0000000008002122                HAL_SYSTICK_Config
 .text.HAL_DMA_Init
                0x000000000800213a       0x8e ./Drivers/STM32F3xx_HAL_Driver/Src/stm32f3xx_hal_dma.o
                0x000000000800213a                HAL_DMA_Init
 .text.HAL_DMA_Start_IT
                0x00000000080021c8       0xbe ./Drivers/STM32F3xx_HAL_Driver/Src/stm32f3xx_hal_dma.o
                0x00000000080021c8                HAL_DMA_Start_IT
 .text.HAL_DMA_Abort
                0x0000000008002286       0x72 ./Drivers/STM32F3xx_HAL_Driver/Src/stm32f3xx_hal_dma.o
                0x0000000008002286                HAL_DMA_Abort
 .text.HAL_DMA_Abort_IT
                0x00000000080022f8       0x7c ./Drivers/STM32F3xx_HAL_Driver/Src/stm32f3xx_hal_dma.o
                0x00000000080022f8                HAL_DMA_Abort_IT
 .text.HAL_DMA_IRQHandler
                0x0000000008002374      0x146 ./Drivers/STM32F3xx_HAL_Driver/Src/stm32f3xx_hal_dma.o
                0x0000000008002374                HAL_DMA_IRQHandler
 .text.HAL_DMA_GetError
                0x00000000080024ba       0x18 ./Drivers/STM32F3xx_HAL_Driver/Src/stm32f3xx_hal_dma.o
                0x00000000080024ba                HAL_DMA_GetError
 .text.DMA_SetConfig
                0x00000000080024d2       0x5c ./Drivers/STM32F3xx_HAL_Driver/Src/stm32f3xx_hal_dma.o
 *fill*         0x000000000800252e        0x2 
 .text.DMA_CalcBaseAndBitshift
                0x0000000008002530       0x40 ./Drivers/STM32F3xx_HAL_Driver/Src/stm32f3xx_hal_dma.o
 .text.HAL_GPIO_Init
                0x0000000008002570      0x2e4 ./Drivers/STM32F3xx_HAL_Driver/Src/stm32f3xx_hal_gpio.o
                0x0000000008002570                HAL_GPIO_Init
 .text.HAL_GPIO_WritePin
                0x0000000008002854       0x30 ./Drivers/STM32F3xx_HAL_Driver/Src/stm32f3xx_hal_gpio.o
                0x0000000008002854                HAL_GPIO_WritePin
 .text.HAL_RCC_OscConfig
                0x0000000008002884     0x107c ./Drivers/STM32F3xx_HAL_Driver/Src/stm32f3xx_hal_rcc.o
                0x0000000008002884                HAL_RCC_OscConfig
 .text.HAL_RCC_ClockConfig
                0x0000000008003900      0x2f8 ./Drivers/STM32F3xx_HAL_Driver/Src/stm32f3xx_hal_rcc.o
                0x0000000008003900                HAL_RCC_ClockConfig
 .text.HAL_RCC_GetSysClockFreq
                0x0000000008003bf8       0xd4 ./Drivers/STM32F3xx_HAL_Driver/Src/stm32f3xx_hal_rcc.o
                0x0000000008003bf8                HAL_RCC_GetSysClockFreq
 .text.HAL_RCC_GetHCLKFreq
                0x0000000008003ccc       0x18 ./Drivers/STM32F3xx_HAL_Driver/Src/stm32f3xx_hal_rcc.o
                0x0000000008003ccc                HAL_RCC_GetHCLKFreq
 .text.HAL_RCC_GetPCLK1Freq
                0x0000000008003ce4       0x44 ./Drivers/STM32F3xx_HAL_Driver/Src/stm32f3xx_hal_rcc.o
                0x0000000008003ce4                HAL_RCC_GetPCLK1Freq
 .text.HAL_RCC_GetPCLK2Freq
                0x0000000008003d28       0x44 ./Drivers/STM32F3xx_HAL_Driver/Src/stm32f3xx_hal_rcc.o
                0x0000000008003d28                HAL_RCC_GetPCLK2Freq
 .text.HAL_RCCEx_PeriphCLKConfig
                0x0000000008003d6c      0x324 ./Drivers/STM32F3xx_HAL_Driver/Src/stm32f3xx_hal_rcc_ex.o
                0x0000000008003d6c                HAL_RCCEx_PeriphCLKConfig
 .text.HAL_TIM_Base_Init
                0x0000000008004090       0xae ./Drivers/STM32F3xx_HAL_Driver/Src/stm32f3xx_hal_tim.o
                0x0000000008004090                HAL_TIM_Base_Init
 *fill*         0x000000000800413e        0x2 
 .text.HAL_TIM_Base_Start
                0x0000000008004140       0x98 ./Drivers/STM32F3xx_HAL_Driver/Src/stm32f3xx_hal_tim.o
                0x0000000008004140                HAL_TIM_Base_Start
 .text.HAL_TIM_Base_Start_IT
                0x00000000080041d8       0xa8 ./Drivers/STM32F3xx_HAL_Driver/Src/stm32f3xx_hal_tim.o
                0x00000000080041d8                HAL_TIM_Base_Start_IT
 .text.HAL_TIM_Base_Stop_IT
                0x0000000008004280       0x5e ./Drivers/STM32F3xx_HAL_Driver/Src/stm32f3xx_hal_tim.o
                0x0000000008004280                HAL_TIM_Base_Stop_IT
 .text.HAL_TIM_PWM_Init
                0x00000000080042de       0xae ./Drivers/STM32F3xx_HAL_Driver/Src/stm32f3xx_hal_tim.o
                0x00000000080042de                HAL_TIM_PWM_Init
 .text.HAL_TIM_PWM_Start
                0x000000000800438c      0x1cc ./Drivers/STM32F3xx_HAL_Driver/Src/stm32f3xx_hal_tim.o
                0x000000000800438c                HAL_TIM_PWM_Start
 .text.HAL_TIM_Encoder_Init
                0x0000000008004558      0x14c ./Drivers/STM32F3xx_HAL_Driver/Src/stm32f3xx_hal_tim.o
                0x0000000008004558                HAL_TIM_Encoder_Init
 .text.HAL_TIM_Encoder_Start
                0x00000000080046a4      0x11c ./Drivers/STM32F3xx_HAL_Driver/Src/stm32f3xx_hal_tim.o
                0x00000000080046a4                HAL_TIM_Encoder_Start
 .text.HAL_TIM_IRQHandler
                0x00000000080047c0      0x23e ./Drivers/STM32F3xx_HAL_Driver/Src/stm32f3xx_hal_tim.o
                0x00000000080047c0                HAL_TIM_IRQHandler
 *fill*         0x00000000080049fe        0x2 
 .text.HAL_TIM_PWM_ConfigChannel
                0x0000000008004a00      0x228 ./Drivers/STM32F3xx_HAL_Driver/Src/stm32f3xx_hal_tim.o
                0x0000000008004a00                HAL_TIM_PWM_ConfigChannel
 .text.HAL_TIM_OC_DelayElapsedCallback
                0x0000000008004c28       0x14 ./Drivers/STM32F3xx_HAL_Driver/Src/stm32f3xx_hal_tim.o
                0x0000000008004c28                HAL_TIM_OC_DelayElapsedCallback
 .text.HAL_TIM_IC_CaptureCallback
                0x0000000008004c3c       0x14 ./Drivers/STM32F3xx_HAL_Driver/Src/stm32f3xx_hal_tim.o
                0x0000000008004c3c                HAL_TIM_IC_CaptureCallback
 .text.HAL_TIM_PWM_PulseFinishedCallback
                0x0000000008004c50       0x14 ./Drivers/STM32F3xx_HAL_Driver/Src/stm32f3xx_hal_tim.o
                0x0000000008004c50                HAL_TIM_PWM_PulseFinishedCallback
 .text.HAL_TIM_TriggerCallback
                0x0000000008004c64       0x14 ./Drivers/STM32F3xx_HAL_Driver/Src/stm32f3xx_hal_tim.o
                0x0000000008004c64                HAL_TIM_TriggerCallback
 .text.TIM_Base_SetConfig
                0x0000000008004c78       0xdc ./Drivers/STM32F3xx_HAL_Driver/Src/stm32f3xx_hal_tim.o
                0x0000000008004c78                TIM_Base_SetConfig
 .text.TIM_OC1_SetConfig
                0x0000000008004d54      0x10c ./Drivers/STM32F3xx_HAL_Driver/Src/stm32f3xx_hal_tim.o
 .text.TIM_OC2_SetConfig
                0x0000000008004e60      0x100 ./Drivers/STM32F3xx_HAL_Driver/Src/stm32f3xx_hal_tim.o
                0x0000000008004e60                TIM_OC2_SetConfig
 .text.TIM_OC3_SetConfig
                0x0000000008004f60       0xfc ./Drivers/STM32F3xx_HAL_Driver/Src/stm32f3xx_hal_tim.o
 .text.TIM_OC4_SetConfig
                0x000000000800505c       0xc8 ./Drivers/STM32F3xx_HAL_Driver/Src/stm32f3xx_hal_tim.o
 .text.TIM_OC5_SetConfig
                0x0000000008005124       0xbc ./Drivers/STM32F3xx_HAL_Driver/Src/stm32f3xx_hal_tim.o
 .text.TIM_OC6_SetConfig
                0x00000000080051e0       0xc0 ./Drivers/STM32F3xx_HAL_Driver/Src/stm32f3xx_hal_tim.o
 .text.TIM_CCxChannelCmd
                0x00000000080052a0       0x4a ./Drivers/STM32F3xx_HAL_Driver/Src/stm32f3xx_hal_tim.o
                0x00000000080052a0                TIM_CCxChannelCmd
 *fill*         0x00000000080052ea        0x2 
 .text.HAL_TIMEx_PWMN_Start
                0x00000000080052ec      0x13c ./Drivers/STM32F3xx_HAL_Driver/Src/stm32f3xx_hal_tim_ex.o
                0x00000000080052ec                HAL_TIMEx_PWMN_Start
 .text.HAL_TIMEx_MasterConfigSynchronization
                0x0000000008005428       0xcc ./Drivers/STM32F3xx_HAL_Driver/Src/stm32f3xx_hal_tim_ex.o
                0x0000000008005428                HAL_TIMEx_MasterConfigSynchronization
 .text.HAL_TIMEx_ConfigBreakDeadTime
                0x00000000080054f4       0xf0 ./Drivers/STM32F3xx_HAL_Driver/Src/stm32f3xx_hal_tim_ex.o
                0x00000000080054f4                HAL_TIMEx_ConfigBreakDeadTime
 .text.HAL_TIMEx_CommutCallback
                0x00000000080055e4       0x14 ./Drivers/STM32F3xx_HAL_Driver/Src/stm32f3xx_hal_tim_ex.o
                0x00000000080055e4                HAL_TIMEx_CommutCallback
 .text.HAL_TIMEx_BreakCallback
                0x00000000080055f8       0x14 ./Drivers/STM32F3xx_HAL_Driver/Src/stm32f3xx_hal_tim_ex.o
                0x00000000080055f8                HAL_TIMEx_BreakCallback
 .text.HAL_TIMEx_Break2Callback
                0x000000000800560c       0x14 ./Drivers/STM32F3xx_HAL_Driver/Src/stm32f3xx_hal_tim_ex.o
                0x000000000800560c                HAL_TIMEx_Break2Callback
 .text.TIM_CCxNChannelCmd
                0x0000000008005620       0x4a ./Drivers/STM32F3xx_HAL_Driver/Src/stm32f3xx_hal_tim_ex.o
 .text.HAL_UART_Init
                0x000000000800566a       0x9c ./Drivers/STM32F3xx_HAL_Driver/Src/stm32f3xx_hal_uart.o
                0x000000000800566a                HAL_UART_Init
 .text.HAL_UART_Transmit
                0x0000000008005706      0x114 ./Drivers/STM32F3xx_HAL_Driver/Src/stm32f3xx_hal_uart.o
                0x0000000008005706                HAL_UART_Transmit
 *fill*         0x000000000800581a        0x2 
 .text.HAL_UART_Transmit_DMA
                0x000000000800581c       0xf8 ./Drivers/STM32F3xx_HAL_Driver/Src/stm32f3xx_hal_uart.o
                0x000000000800581c                HAL_UART_Transmit_DMA
 .text.HAL_UART_Receive_DMA
                0x0000000008005914       0x88 ./Drivers/STM32F3xx_HAL_Driver/Src/stm32f3xx_hal_uart.o
                0x0000000008005914                HAL_UART_Receive_DMA
 .text.HAL_UART_DMAStop
                0x000000000800599c      0x124 ./Drivers/STM32F3xx_HAL_Driver/Src/stm32f3xx_hal_uart.o
                0x000000000800599c                HAL_UART_DMAStop
 .text.HAL_UART_IRQHandler
                0x0000000008005ac0      0x5cc ./Drivers/STM32F3xx_HAL_Driver/Src/stm32f3xx_hal_uart.o
                0x0000000008005ac0                HAL_UART_IRQHandler
 .text.HAL_UART_TxHalfCpltCallback
                0x000000000800608c       0x14 ./Drivers/STM32F3xx_HAL_Driver/Src/stm32f3xx_hal_uart.o
                0x000000000800608c                HAL_UART_TxHalfCpltCallback
 .text.HAL_UART_RxCpltCallback
                0x00000000080060a0       0x14 ./Drivers/STM32F3xx_HAL_Driver/Src/stm32f3xx_hal_uart.o
                0x00000000080060a0                HAL_UART_RxCpltCallback
 .text.HAL_UART_RxHalfCpltCallback
                0x00000000080060b4       0x14 ./Drivers/STM32F3xx_HAL_Driver/Src/stm32f3xx_hal_uart.o
                0x00000000080060b4                HAL_UART_RxHalfCpltCallback
 .text.HAL_UART_ErrorCallback
                0x00000000080060c8       0x14 ./Drivers/STM32F3xx_HAL_Driver/Src/stm32f3xx_hal_uart.o
                0x00000000080060c8                HAL_UART_ErrorCallback
 .text.HAL_UARTEx_RxEventCallback
                0x00000000080060dc       0x18 ./Drivers/STM32F3xx_HAL_Driver/Src/stm32f3xx_hal_uart.o
                0x00000000080060dc                HAL_UARTEx_RxEventCallback
 .text.UART_SetConfig
                0x00000000080060f4      0x26c ./Drivers/STM32F3xx_HAL_Driver/Src/stm32f3xx_hal_uart.o
                0x00000000080060f4                UART_SetConfig
 .text.UART_AdvFeatureConfig
                0x0000000008006360      0x144 ./Drivers/STM32F3xx_HAL_Driver/Src/stm32f3xx_hal_uart.o
                0x0000000008006360                UART_AdvFeatureConfig
 .text.UART_CheckIdleState
                0x00000000080064a4      0x150 ./Drivers/STM32F3xx_HAL_Driver/Src/stm32f3xx_hal_uart.o
                0x00000000080064a4                UART_CheckIdleState
 .text.UART_WaitOnFlagUntilTimeout
                0x00000000080065f4       0xce ./Drivers/STM32F3xx_HAL_Driver/Src/stm32f3xx_hal_uart.o
                0x00000000080065f4                UART_WaitOnFlagUntilTimeout
 *fill*         0x00000000080066c2        0x2 
 .text.UART_Start_Receive_DMA
                0x00000000080066c4      0x140 ./Drivers/STM32F3xx_HAL_Driver/Src/stm32f3xx_hal_uart.o
                0x00000000080066c4                UART_Start_Receive_DMA
 .text.UART_EndTxTransfer
                0x0000000008006804       0x4c ./Drivers/STM32F3xx_HAL_Driver/Src/stm32f3xx_hal_uart.o
 .text.UART_EndRxTransfer
                0x0000000008006850       0xc8 ./Drivers/STM32F3xx_HAL_Driver/Src/stm32f3xx_hal_uart.o
 .text.UART_DMATransmitCplt
                0x0000000008006918       0x94 ./Drivers/STM32F3xx_HAL_Driver/Src/stm32f3xx_hal_uart.o
 .text.UART_DMATxHalfCplt
                0x00000000080069ac       0x1c ./Drivers/STM32F3xx_HAL_Driver/Src/stm32f3xx_hal_uart.o
 .text.UART_DMAReceiveCplt
                0x00000000080069c8      0x126 ./Drivers/STM32F3xx_HAL_Driver/Src/stm32f3xx_hal_uart.o
 .text.UART_DMARxHalfCplt
                0x0000000008006aee       0x3e ./Drivers/STM32F3xx_HAL_Driver/Src/stm32f3xx_hal_uart.o
 .text.UART_DMAError
                0x0000000008006b2c       0x7e ./Drivers/STM32F3xx_HAL_Driver/Src/stm32f3xx_hal_uart.o
 .text.UART_DMAAbortOnError
                0x0000000008006baa       0x2c ./Drivers/STM32F3xx_HAL_Driver/Src/stm32f3xx_hal_uart.o
 .text.UART_EndTransmit_IT
                0x0000000008006bd6       0x54 ./Drivers/STM32F3xx_HAL_Driver/Src/stm32f3xx_hal_uart.o
 .text.HAL_UARTEx_WakeupCallback
                0x0000000008006c2a       0x14 ./Drivers/STM32F3xx_HAL_Driver/Src/stm32f3xx_hal_uart_ex.o
                0x0000000008006c2a                HAL_UARTEx_WakeupCallback
 *fill*         0x0000000008006c3e        0x2 
 .text.__libc_init_array
                0x0000000008006c40       0x48 c:/stm32cubeide/plugins/com.st.stm32cube.ide.mcu.externaltools.gnu-tools-for-stm32.10.3-2021.10.win32_1.0.0.202111181127/tools/bin/../lib/gcc/arm-none-eabi/10.3.1/../../../../arm-none-eabi/lib/thumb/v7e-m+fp/hard\libc_nano.a(lib_a-init.o)
                0x0000000008006c40                __libc_init_array
 .text.memset   0x0000000008006c88       0x10 c:/stm32cubeide/plugins/com.st.stm32cube.ide.mcu.externaltools.gnu-tools-for-stm32.10.3-2021.10.win32_1.0.0.202111181127/tools/bin/../lib/gcc/arm-none-eabi/10.3.1/../../../../arm-none-eabi/lib/thumb/v7e-m+fp/hard\libc_nano.a(lib_a-memset.o)
                0x0000000008006c88                memset
 *(.glue_7)
 .glue_7        0x0000000008006c98        0x0 linker stubs
 *(.glue_7t)
 .glue_7t       0x0000000008006c98        0x0 linker stubs
 *(.eh_frame)
 .eh_frame      0x0000000008006c98        0x0 c:/stm32cubeide/plugins/com.st.stm32cube.ide.mcu.externaltools.gnu-tools-for-stm32.10.3-2021.10.win32_1.0.0.202111181127/tools/bin/../lib/gcc/arm-none-eabi/10.3.1/thumb/v7e-m+fp/hard/crtbegin.o
 *(.init)
 .init          0x0000000008006c98        0x4 c:/stm32cubeide/plugins/com.st.stm32cube.ide.mcu.externaltools.gnu-tools-for-stm32.10.3-2021.10.win32_1.0.0.202111181127/tools/bin/../lib/gcc/arm-none-eabi/10.3.1/thumb/v7e-m+fp/hard/crti.o
                0x0000000008006c98                _init
 .init          0x0000000008006c9c        0x8 c:/stm32cubeide/plugins/com.st.stm32cube.ide.mcu.externaltools.gnu-tools-for-stm32.10.3-2021.10.win32_1.0.0.202111181127/tools/bin/../lib/gcc/arm-none-eabi/10.3.1/thumb/v7e-m+fp/hard/crtn.o
 *(.fini)
 .fini          0x0000000008006ca4        0x4 c:/stm32cubeide/plugins/com.st.stm32cube.ide.mcu.externaltools.gnu-tools-for-stm32.10.3-2021.10.win32_1.0.0.202111181127/tools/bin/../lib/gcc/arm-none-eabi/10.3.1/thumb/v7e-m+fp/hard/crti.o
                0x0000000008006ca4                _fini
 .fini          0x0000000008006ca8        0x8 c:/stm32cubeide/plugins/com.st.stm32cube.ide.mcu.externaltools.gnu-tools-for-stm32.10.3-2021.10.win32_1.0.0.202111181127/tools/bin/../lib/gcc/arm-none-eabi/10.3.1/thumb/v7e-m+fp/hard/crtn.o
                0x0000000008006cb0                . = ALIGN (0x4)
                0x0000000008006cb0                _etext = .

.vfp11_veneer   0x0000000008006cb0        0x0
 .vfp11_veneer  0x0000000008006cb0        0x0 linker stubs

.v4_bx          0x0000000008006cb0        0x0
 .v4_bx         0x0000000008006cb0        0x0 linker stubs

.iplt           0x0000000008006cb0        0x0
 .iplt          0x0000000008006cb0        0x0 c:/stm32cubeide/plugins/com.st.stm32cube.ide.mcu.externaltools.gnu-tools-for-stm32.10.3-2021.10.win32_1.0.0.202111181127/tools/bin/../lib/gcc/arm-none-eabi/10.3.1/thumb/v7e-m+fp/hard/crtbegin.o

.rodata         0x0000000008006cb0      0x23c
                0x0000000008006cb0                . = ALIGN (0x4)
 *(.rodata)
 .rodata        0x0000000008006cb0        0x3 ./Core/Src/main.o
 *(.rodata*)
 *fill*         0x0000000008006cb3        0x1 
 .rodata.crctable
                0x0000000008006cb4      0x200 ./Core/Src/main.o
 .rodata.AHBPrescTable
                0x0000000008006eb4       0x10 ./Core/Src/system_stm32f3xx.o
                0x0000000008006eb4                AHBPrescTable
 .rodata.APBPrescTable
                0x0000000008006ec4        0x8 ./Core/Src/system_stm32f3xx.o
                0x0000000008006ec4                APBPrescTable
 .rodata.aPLLMULFactorTable
                0x0000000008006ecc       0x10 ./Drivers/STM32F3xx_HAL_Driver/Src/stm32f3xx_hal_rcc.o
 .rodata.aPredivFactorTable
                0x0000000008006edc       0x10 ./Drivers/STM32F3xx_HAL_Driver/Src/stm32f3xx_hal_rcc.o
                0x0000000008006eec                . = ALIGN (0x4)

.rel.dyn        0x0000000008006eec        0x0
 .rel.iplt      0x0000000008006eec        0x0 c:/stm32cubeide/plugins/com.st.stm32cube.ide.mcu.externaltools.gnu-tools-for-stm32.10.3-2021.10.win32_1.0.0.202111181127/tools/bin/../lib/gcc/arm-none-eabi/10.3.1/thumb/v7e-m+fp/hard/crtbegin.o

.ARM.extab      0x0000000008006eec        0x0
                0x0000000008006eec                . = ALIGN (0x4)
 *(.ARM.extab* .gnu.linkonce.armextab.*)
                0x0000000008006eec                . = ALIGN (0x4)

.ARM            0x0000000008006eec        0x0
                0x0000000008006eec                . = ALIGN (0x4)
                0x0000000008006eec                __exidx_start = .
 *(.ARM.exidx*)
                0x0000000008006eec                __exidx_end = .
                0x0000000008006eec                . = ALIGN (0x4)

.preinit_array  0x0000000008006eec        0x0
                0x0000000008006eec                . = ALIGN (0x4)
                0x0000000008006eec                PROVIDE (__preinit_array_start = .)
 *(.preinit_array*)
                0x0000000008006eec                PROVIDE (__preinit_array_end = .)
                0x0000000008006eec                . = ALIGN (0x4)

.init_array     0x0000000008006eec        0x4
                0x0000000008006eec                . = ALIGN (0x4)
                0x0000000008006eec                PROVIDE (__init_array_start = .)
 *(SORT_BY_NAME(.init_array.*))
 *(.init_array*)
 .init_array    0x0000000008006eec        0x4 c:/stm32cubeide/plugins/com.st.stm32cube.ide.mcu.externaltools.gnu-tools-for-stm32.10.3-2021.10.win32_1.0.0.202111181127/tools/bin/../lib/gcc/arm-none-eabi/10.3.1/thumb/v7e-m+fp/hard/crtbegin.o
                0x0000000008006ef0                PROVIDE (__init_array_end = .)
                0x0000000008006ef0                . = ALIGN (0x4)

.fini_array     0x0000000008006ef0        0x4
                0x0000000008006ef0                . = ALIGN (0x4)
                [!provide]                        PROVIDE (__fini_array_start = .)
 *(SORT_BY_NAME(.fini_array.*))
 *(.fini_array*)
 .fini_array    0x0000000008006ef0        0x4 c:/stm32cubeide/plugins/com.st.stm32cube.ide.mcu.externaltools.gnu-tools-for-stm32.10.3-2021.10.win32_1.0.0.202111181127/tools/bin/../lib/gcc/arm-none-eabi/10.3.1/thumb/v7e-m+fp/hard/crtbegin.o
                [!provide]                        PROVIDE (__fini_array_end = .)
                0x0000000008006ef4                . = ALIGN (0x4)
                0x0000000008006ef4                _sidata = LOADADDR (.data)

.data           0x0000000020000000       0x34 load address 0x0000000008006ef4
                0x0000000020000000                . = ALIGN (0x4)
                0x0000000020000000                _sdata = .
 *(.data)
 *(.data*)
 .data.Rply_Head
                0x0000000020000000        0x8 ./Core/Src/main.o
                0x0000000020000000                Rply_Head
 .data.message  0x0000000020000008       0x1d ./Core/Src/main.o
                0x0000000020000008                message
 *fill*         0x0000000020000025        0x3 
 .data.SystemCoreClock
                0x0000000020000028        0x4 ./Core/Src/system_stm32f3xx.o
                0x0000000020000028                SystemCoreClock
 .data.uwTickPrio
                0x000000002000002c        0x4 ./Drivers/STM32F3xx_HAL_Driver/Src/stm32f3xx_hal.o
                0x000000002000002c                uwTickPrio
 .data.uwTickFreq
                0x0000000020000030        0x1 ./Drivers/STM32F3xx_HAL_Driver/Src/stm32f3xx_hal.o
                0x0000000020000030                uwTickFreq
 *(.RamFunc)
 *(.RamFunc*)
                0x0000000020000034                . = ALIGN (0x4)
 *fill*         0x0000000020000031        0x3 
                0x0000000020000034                _edata = .

.igot.plt       0x0000000020000034        0x0 load address 0x0000000008006f28
 .igot.plt      0x0000000020000034        0x0 c:/stm32cubeide/plugins/com.st.stm32cube.ide.mcu.externaltools.gnu-tools-for-stm32.10.3-2021.10.win32_1.0.0.202111181127/tools/bin/../lib/gcc/arm-none-eabi/10.3.1/thumb/v7e-m+fp/hard/crtbegin.o
                0x0000000020000034                . = ALIGN (0x4)

.bss            0x0000000020000034      0x91c load address 0x0000000008006f28
                0x0000000020000034                _sbss = .
                0x0000000020000034                __bss_start__ = _sbss
 *(.bss)
 .bss           0x0000000020000034       0x1c c:/stm32cubeide/plugins/com.st.stm32cube.ide.mcu.externaltools.gnu-tools-for-stm32.10.3-2021.10.win32_1.0.0.202111181127/tools/bin/../lib/gcc/arm-none-eabi/10.3.1/thumb/v7e-m+fp/hard/crtbegin.o
 *(.bss*)
 .bss.htim2     0x0000000020000050       0x4c ./Core/Src/main.o
                0x0000000020000050                htim2
 .bss.htim6     0x000000002000009c       0x4c ./Core/Src/main.o
                0x000000002000009c                htim6
 .bss.htim15    0x00000000200000e8       0x4c ./Core/Src/main.o
                0x00000000200000e8                htim15
 .bss.huart1    0x0000000020000134       0x88 ./Core/Src/main.o
                0x0000000020000134                huart1
 .bss.huart2    0x00000000200001bc       0x88 ./Core/Src/main.o
                0x00000000200001bc                huart2
 .bss.hdma_usart1_rx
                0x0000000020000244       0x44 ./Core/Src/main.o
                0x0000000020000244                hdma_usart1_rx
 .bss.hdma_usart1_tx
                0x0000000020000288       0x44 ./Core/Src/main.o
                0x0000000020000288                hdma_usart1_tx
 .bss.Kp        0x00000000200002cc        0x4 ./Core/Src/main.o
                0x00000000200002cc                Kp
 .bss.Ki        0x00000000200002d0        0x4 ./Core/Src/main.o
                0x00000000200002d0                Ki
 .bss.Kd        0x00000000200002d4        0x4 ./Core/Src/main.o
                0x00000000200002d4                Kd
 .bss.Ka        0x00000000200002d8        0x4 ./Core/Src/main.o
                0x00000000200002d8                Ka
 .bss.Vel_Measured
                0x00000000200002dc        0x4 ./Core/Src/main.o
                0x00000000200002dc                Vel_Measured
 .bss.Vel_Target
                0x00000000200002e0        0x4 ./Core/Src/main.o
                0x00000000200002e0                Vel_Target
 .bss.DMA_RX_Buffer
                0x00000000200002e4      0x100 ./Core/Src/main.o
                0x00000000200002e4                DMA_RX_Buffer
 .bss.Rx_Head   0x00000000200003e4        0x8 ./Core/Src/main.o
                0x00000000200003e4                Rx_Head
 .bss.Rx_Data   0x00000000200003ec       0x14 ./Core/Src/main.o
                0x00000000200003ec                Rx_Data
 .bss.Data_Buffer
                0x0000000020000400      0x100 ./Core/Src/main.o
                0x0000000020000400                Data_Buffer
 .bss.Rply_Data
                0x0000000020000500      0x200 ./Core/Src/main.o
                0x0000000020000500                Rply_Data
 .bss.Tx_Buffer
                0x0000000020000700      0x200 ./Core/Src/main.o
                0x0000000020000700                Tx_Buffer
 .bss.counter   0x0000000020000900        0x2 ./Core/Src/main.o
                0x0000000020000900                counter
 .bss.Rx_Counter
                0x0000000020000902        0x2 ./Core/Src/main.o
                0x0000000020000902                Rx_Counter
 .bss.COM_Status
                0x0000000020000904        0x1 ./Core/Src/main.o
                0x0000000020000904                COM_Status
 .bss.uartTxDone
                0x0000000020000905        0x1 ./Core/Src/main.o
                0x0000000020000905                uartTxDone
 .bss.EncVal    0x0000000020000906        0x2 ./Core/Src/main.o
                0x0000000020000906                EncVal
 .bss.Speed_TIM6_Measured
                0x0000000020000908        0x4 ./Core/Src/main.o
                0x0000000020000908                Speed_TIM6_Measured
 .bss.Speed_TIM6_Target
                0x000000002000090c        0x4 ./Core/Src/main.o
                0x000000002000090c                Speed_TIM6_Target
 .bss.Err       0x0000000020000910        0x4 ./Core/Src/main.o
                0x0000000020000910                Err
 .bss.Err_1     0x0000000020000914        0x4 ./Core/Src/main.o
                0x0000000020000914                Err_1
 .bss.Err_2     0x0000000020000918        0x4 ./Core/Src/main.o
                0x0000000020000918                Err_2
 .bss.Uk        0x000000002000091c        0x4 ./Core/Src/main.o
                0x000000002000091c                Uk
 .bss.Uk_1      0x0000000020000920        0x4 ./Core/Src/main.o
                0x0000000020000920                Uk_1
 .bss.dU        0x0000000020000924        0x4 ./Core/Src/main.o
                0x0000000020000924                dU
 .bss.i         0x0000000020000928        0x2 ./Core/Src/main.o
                0x0000000020000928                i
 .bss.j         0x000000002000092a        0x2 ./Core/Src/main.o
                0x000000002000092a                j
 .bss.CRC_Val   0x000000002000092c        0x2 ./Core/Src/main.o
                0x000000002000092c                CRC_Val
 .bss.x         0x000000002000092e        0x2 ./Core/Src/main.o
                0x000000002000092e                x
 .bss.y         0x0000000020000930        0x2 ./Core/Src/main.o
                0x0000000020000930                y
 .bss.accumulator
                0x0000000020000932        0x2 ./Core/Src/main.o
                0x0000000020000932                accumulator
 .bss.k         0x0000000020000934        0x2 ./Core/Src/main.o
                0x0000000020000934                k
 *fill*         0x0000000020000936        0x2 
 .bss.vKp       0x0000000020000938        0x4 ./Core/Src/main.o
                0x0000000020000938                vKp
 .bss.vKi       0x000000002000093c        0x4 ./Core/Src/main.o
                0x000000002000093c                vKi
 .bss.vKd       0x0000000020000940        0x4 ./Core/Src/main.o
                0x0000000020000940                vKd
 .bss.vKa       0x0000000020000944        0x4 ./Core/Src/main.o
                0x0000000020000944                vKa
 .bss.CCW       0x0000000020000948        0x1 ./Core/Src/main.o
                0x0000000020000948                CCW
 *fill*         0x0000000020000949        0x3 
 .bss.uwTick    0x000000002000094c        0x4 ./Drivers/STM32F3xx_HAL_Driver/Src/stm32f3xx_hal.o
                0x000000002000094c                uwTick
 *(COMMON)
                0x0000000020000950                . = ALIGN (0x4)
                0x0000000020000950                _ebss = .
                0x0000000020000950                __bss_end__ = _ebss

._user_heap_stack
                0x0000000020000950      0x600 load address 0x0000000008006f28
                0x0000000020000950                . = ALIGN (0x8)
                [!provide]                        PROVIDE (end = .)
                0x0000000020000950                PROVIDE (_end = .)
                0x0000000020000b50                . = (. + _Min_Heap_Size)
 *fill*         0x0000000020000950      0x200 
                0x0000000020000f50                . = (. + _Min_Stack_Size)
 *fill*         0x0000000020000b50      0x400 
                0x0000000020000f50                . = ALIGN (0x8)

/DISCARD/
 libc.a(*)
 libm.a(*)
 libgcc.a(*)

.ARM.attributes
                0x0000000000000000       0x30
 *(.ARM.attributes)
 .ARM.attributes
                0x0000000000000000       0x1e c:/stm32cubeide/plugins/com.st.stm32cube.ide.mcu.externaltools.gnu-tools-for-stm32.10.3-2021.10.win32_1.0.0.202111181127/tools/bin/../lib/gcc/arm-none-eabi/10.3.1/thumb/v7e-m+fp/hard/crti.o
 .ARM.attributes
                0x000000000000001e       0x34 c:/stm32cubeide/plugins/com.st.stm32cube.ide.mcu.externaltools.gnu-tools-for-stm32.10.3-2021.10.win32_1.0.0.202111181127/tools/bin/../lib/gcc/arm-none-eabi/10.3.1/thumb/v7e-m+fp/hard/crtbegin.o
 .ARM.attributes
                0x0000000000000052       0x34 ./Core/Src/main.o
 .ARM.attributes
                0x0000000000000086       0x34 ./Core/Src/stm32f3xx_hal_msp.o
 .ARM.attributes
                0x00000000000000ba       0x34 ./Core/Src/stm32f3xx_it.o
 .ARM.attributes
                0x00000000000000ee       0x34 ./Core/Src/system_stm32f3xx.o
 .ARM.attributes
                0x0000000000000122       0x21 ./Core/Startup/startup_stm32f302r8tx.o
 .ARM.attributes
                0x0000000000000143       0x34 ./Drivers/STM32F3xx_HAL_Driver/Src/stm32f3xx_hal.o
 .ARM.attributes
                0x0000000000000177       0x34 ./Drivers/STM32F3xx_HAL_Driver/Src/stm32f3xx_hal_cortex.o
 .ARM.attributes
                0x00000000000001ab       0x34 ./Drivers/STM32F3xx_HAL_Driver/Src/stm32f3xx_hal_dma.o
 .ARM.attributes
                0x00000000000001df       0x34 ./Drivers/STM32F3xx_HAL_Driver/Src/stm32f3xx_hal_gpio.o
 .ARM.attributes
                0x0000000000000213       0x34 ./Drivers/STM32F3xx_HAL_Driver/Src/stm32f3xx_hal_rcc.o
 .ARM.attributes
                0x0000000000000247       0x34 ./Drivers/STM32F3xx_HAL_Driver/Src/stm32f3xx_hal_rcc_ex.o
 .ARM.attributes
                0x000000000000027b       0x34 ./Drivers/STM32F3xx_HAL_Driver/Src/stm32f3xx_hal_tim.o
 .ARM.attributes
                0x00000000000002af       0x34 ./Drivers/STM32F3xx_HAL_Driver/Src/stm32f3xx_hal_tim_ex.o
 .ARM.attributes
                0x00000000000002e3       0x34 ./Drivers/STM32F3xx_HAL_Driver/Src/stm32f3xx_hal_uart.o
 .ARM.attributes
                0x0000000000000317       0x34 ./Drivers/STM32F3xx_HAL_Driver/Src/stm32f3xx_hal_uart_ex.o
 .ARM.attributes
                0x000000000000034b       0x34 c:/stm32cubeide/plugins/com.st.stm32cube.ide.mcu.externaltools.gnu-tools-for-stm32.10.3-2021.10.win32_1.0.0.202111181127/tools/bin/../lib/gcc/arm-none-eabi/10.3.1/../../../../arm-none-eabi/lib/thumb/v7e-m+fp/hard\libc_nano.a(lib_a-init.o)
 .ARM.attributes
                0x000000000000037f       0x34 c:/stm32cubeide/plugins/com.st.stm32cube.ide.mcu.externaltools.gnu-tools-for-stm32.10.3-2021.10.win32_1.0.0.202111181127/tools/bin/../lib/gcc/arm-none-eabi/10.3.1/../../../../arm-none-eabi/lib/thumb/v7e-m+fp/hard\libc_nano.a(lib_a-memset.o)
 .ARM.attributes
                0x00000000000003b3       0x17 c:/stm32cubeide/plugins/com.st.stm32cube.ide.mcu.externaltools.gnu-tools-for-stm32.10.3-2021.10.win32_1.0.0.202111181127/tools/bin/../lib/gcc/arm-none-eabi/10.3.1/../../../../arm-none-eabi/lib/thumb/v7e-m+fp/hard\libc_nano.a(lib_a-strlen.o)
 .ARM.attributes
                0x00000000000003ca       0x1e c:/stm32cubeide/plugins/com.st.stm32cube.ide.mcu.externaltools.gnu-tools-for-stm32.10.3-2021.10.win32_1.0.0.202111181127/tools/bin/../lib/gcc/arm-none-eabi/10.3.1/thumb/v7e-m+fp/hard\libgcc.a(_arm_addsubdf3.o)
 .ARM.attributes
                0x00000000000003e8       0x1e c:/stm32cubeide/plugins/com.st.stm32cube.ide.mcu.externaltools.gnu-tools-for-stm32.10.3-2021.10.win32_1.0.0.202111181127/tools/bin/../lib/gcc/arm-none-eabi/10.3.1/thumb/v7e-m+fp/hard\libgcc.a(_arm_muldivdf3.o)
 .ARM.attributes
                0x0000000000000406       0x1e c:/stm32cubeide/plugins/com.st.stm32cube.ide.mcu.externaltools.gnu-tools-for-stm32.10.3-2021.10.win32_1.0.0.202111181127/tools/bin/../lib/gcc/arm-none-eabi/10.3.1/thumb/v7e-m+fp/hard\libgcc.a(_arm_fixdfsi.o)
 .ARM.attributes
                0x0000000000000424       0x1e c:/stm32cubeide/plugins/com.st.stm32cube.ide.mcu.externaltools.gnu-tools-for-stm32.10.3-2021.10.win32_1.0.0.202111181127/tools/bin/../lib/gcc/arm-none-eabi/10.3.1/thumb/v7e-m+fp/hard\libgcc.a(_arm_fixunsdfsi.o)
 .ARM.attributes
                0x0000000000000442       0x1e c:/stm32cubeide/plugins/com.st.stm32cube.ide.mcu.externaltools.gnu-tools-for-stm32.10.3-2021.10.win32_1.0.0.202111181127/tools/bin/../lib/gcc/arm-none-eabi/10.3.1/thumb/v7e-m+fp/hard/crtn.o
OUTPUT(PMT Motor ProjectV3.elf elf32-littlearm)
LOAD linker stubs
LOAD c:/stm32cubeide/plugins/com.st.stm32cube.ide.mcu.externaltools.gnu-tools-for-stm32.10.3-2021.10.win32_1.0.0.202111181127/tools/bin/../lib/gcc/arm-none-eabi/10.3.1/../../../../arm-none-eabi/lib/thumb/v7e-m+fp/hard\libc.a
LOAD c:/stm32cubeide/plugins/com.st.stm32cube.ide.mcu.externaltools.gnu-tools-for-stm32.10.3-2021.10.win32_1.0.0.202111181127/tools/bin/../lib/gcc/arm-none-eabi/10.3.1/../../../../arm-none-eabi/lib/thumb/v7e-m+fp/hard\libm.a
LOAD c:/stm32cubeide/plugins/com.st.stm32cube.ide.mcu.externaltools.gnu-tools-for-stm32.10.3-2021.10.win32_1.0.0.202111181127/tools/bin/../lib/gcc/arm-none-eabi/10.3.1/thumb/v7e-m+fp/hard\libgcc.a

.debug_info     0x0000000000000000    0x107b9
 .debug_info    0x0000000000000000     0x1cf4 ./Core/Src/main.o
 .debug_info    0x0000000000001cf4     0x112b ./Core/Src/stm32f3xx_hal_msp.o
 .debug_info    0x0000000000002e1f      0xc94 ./Core/Src/stm32f3xx_it.o
 .debug_info    0x0000000000003ab3      0x416 ./Core/Src/system_stm32f3xx.o
 .debug_info    0x0000000000003ec9       0x22 ./Core/Startup/startup_stm32f302r8tx.o
 .debug_info    0x0000000000003eeb      0x7a7 ./Drivers/STM32F3xx_HAL_Driver/Src/stm32f3xx_hal.o
 .debug_info    0x0000000000004692      0xb4a ./Drivers/STM32F3xx_HAL_Driver/Src/stm32f3xx_hal_cortex.o
 .debug_info    0x00000000000051dc      0x757 ./Drivers/STM32F3xx_HAL_Driver/Src/stm32f3xx_hal_dma.o
 .debug_info    0x0000000000005933      0x68a ./Drivers/STM32F3xx_HAL_Driver/Src/stm32f3xx_hal_gpio.o
 .debug_info    0x0000000000005fbd     0x1585 ./Drivers/STM32F3xx_HAL_Driver/Src/stm32f3xx_hal_rcc.o
 .debug_info    0x0000000000007542      0x5d9 ./Drivers/STM32F3xx_HAL_Driver/Src/stm32f3xx_hal_rcc_ex.o
 .debug_info    0x0000000000007b1b     0x2cdb ./Drivers/STM32F3xx_HAL_Driver/Src/stm32f3xx_hal_tim.o
 .debug_info    0x000000000000a7f6     0x16a8 ./Drivers/STM32F3xx_HAL_Driver/Src/stm32f3xx_hal_tim_ex.o
 .debug_info    0x000000000000be9e     0x3bf8 ./Drivers/STM32F3xx_HAL_Driver/Src/stm32f3xx_hal_uart.o
 .debug_info    0x000000000000fa96      0xd23 ./Drivers/STM32F3xx_HAL_Driver/Src/stm32f3xx_hal_uart_ex.o

.debug_abbrev   0x0000000000000000     0x20da
 .debug_abbrev  0x0000000000000000      0x347 ./Core/Src/main.o
 .debug_abbrev  0x0000000000000347      0x24e ./Core/Src/stm32f3xx_hal_msp.o
 .debug_abbrev  0x0000000000000595      0x20c ./Core/Src/stm32f3xx_it.o
 .debug_abbrev  0x00000000000007a1      0x116 ./Core/Src/system_stm32f3xx.o
 .debug_abbrev  0x00000000000008b7       0x12 ./Core/Startup/startup_stm32f302r8tx.o
 .debug_abbrev  0x00000000000008c9      0x20e ./Drivers/STM32F3xx_HAL_Driver/Src/stm32f3xx_hal.o
 .debug_abbrev  0x0000000000000ad7      0x2ed ./Drivers/STM32F3xx_HAL_Driver/Src/stm32f3xx_hal_cortex.o
 .debug_abbrev  0x0000000000000dc4      0x1fe ./Drivers/STM32F3xx_HAL_Driver/Src/stm32f3xx_hal_dma.o
 .debug_abbrev  0x0000000000000fc2      0x1bb ./Drivers/STM32F3xx_HAL_Driver/Src/stm32f3xx_hal_gpio.o
 .debug_abbrev  0x000000000000117d      0x2f9 ./Drivers/STM32F3xx_HAL_Driver/Src/stm32f3xx_hal_rcc.o
 .debug_abbrev  0x0000000000001476      0x22d ./Drivers/STM32F3xx_HAL_Driver/Src/stm32f3xx_hal_rcc_ex.o
 .debug_abbrev  0x00000000000016a3      0x264 ./Drivers/STM32F3xx_HAL_Driver/Src/stm32f3xx_hal_tim.o
 .debug_abbrev  0x0000000000001907      0x26c ./Drivers/STM32F3xx_HAL_Driver/Src/stm32f3xx_hal_tim_ex.o
 .debug_abbrev  0x0000000000001b73      0x2bc ./Drivers/STM32F3xx_HAL_Driver/Src/stm32f3xx_hal_uart.o
 .debug_abbrev  0x0000000000001e2f      0x2ab ./Drivers/STM32F3xx_HAL_Driver/Src/stm32f3xx_hal_uart_ex.o

.debug_aranges  0x0000000000000000      0xd48
 .debug_aranges
                0x0000000000000000       0x90 ./Core/Src/main.o
 .debug_aranges
                0x0000000000000090       0x68 ./Core/Src/stm32f3xx_hal_msp.o
 .debug_aranges
                0x00000000000000f8       0x90 ./Core/Src/stm32f3xx_it.o
 .debug_aranges
                0x0000000000000188       0x28 ./Core/Src/system_stm32f3xx.o
 .debug_aranges
                0x00000000000001b0       0x28 ./Core/Startup/startup_stm32f302r8tx.o
 .debug_aranges
                0x00000000000001d8       0xe0 ./Drivers/STM32F3xx_HAL_Driver/Src/stm32f3xx_hal.o
 .debug_aranges
                0x00000000000002b8      0x100 ./Drivers/STM32F3xx_HAL_Driver/Src/stm32f3xx_hal_cortex.o
 .debug_aranges
                0x00000000000003b8       0x88 ./Drivers/STM32F3xx_HAL_Driver/Src/stm32f3xx_hal_dma.o
 .debug_aranges
                0x0000000000000440       0x58 ./Drivers/STM32F3xx_HAL_Driver/Src/stm32f3xx_hal_gpio.o
 .debug_aranges
                0x0000000000000498       0x88 ./Drivers/STM32F3xx_HAL_Driver/Src/stm32f3xx_hal_rcc.o
 .debug_aranges
                0x0000000000000520       0x38 ./Drivers/STM32F3xx_HAL_Driver/Src/stm32f3xx_hal_rcc_ex.o
 .debug_aranges
                0x0000000000000558      0x3e0 ./Drivers/STM32F3xx_HAL_Driver/Src/stm32f3xx_hal_tim.o
 .debug_aranges
                0x0000000000000938      0x178 ./Drivers/STM32F3xx_HAL_Driver/Src/stm32f3xx_hal_tim_ex.o
 .debug_aranges
                0x0000000000000ab0      0x228 ./Drivers/STM32F3xx_HAL_Driver/Src/stm32f3xx_hal_uart.o
 .debug_aranges
                0x0000000000000cd8       0x70 ./Drivers/STM32F3xx_HAL_Driver/Src/stm32f3xx_hal_uart_ex.o

.debug_ranges   0x0000000000000000      0xc90
 .debug_ranges  0x0000000000000000       0x80 ./Core/Src/main.o
 .debug_ranges  0x0000000000000080       0x58 ./Core/Src/stm32f3xx_hal_msp.o
 .debug_ranges  0x00000000000000d8       0x80 ./Core/Src/stm32f3xx_it.o
 .debug_ranges  0x0000000000000158       0x18 ./Core/Src/system_stm32f3xx.o
 .debug_ranges  0x0000000000000170       0x20 ./Core/Startup/startup_stm32f302r8tx.o
 .debug_ranges  0x0000000000000190       0xd0 ./Drivers/STM32F3xx_HAL_Driver/Src/stm32f3xx_hal.o
 .debug_ranges  0x0000000000000260       0xf0 ./Drivers/STM32F3xx_HAL_Driver/Src/stm32f3xx_hal_cortex.o
 .debug_ranges  0x0000000000000350       0x78 ./Drivers/STM32F3xx_HAL_Driver/Src/stm32f3xx_hal_dma.o
 .debug_ranges  0x00000000000003c8       0x48 ./Drivers/STM32F3xx_HAL_Driver/Src/stm32f3xx_hal_gpio.o
 .debug_ranges  0x0000000000000410       0x78 ./Drivers/STM32F3xx_HAL_Driver/Src/stm32f3xx_hal_rcc.o
 .debug_ranges  0x0000000000000488       0x28 ./Drivers/STM32F3xx_HAL_Driver/Src/stm32f3xx_hal_rcc_ex.o
 .debug_ranges  0x00000000000004b0      0x3d0 ./Drivers/STM32F3xx_HAL_Driver/Src/stm32f3xx_hal_tim.o
 .debug_ranges  0x0000000000000880      0x168 ./Drivers/STM32F3xx_HAL_Driver/Src/stm32f3xx_hal_tim_ex.o
 .debug_ranges  0x00000000000009e8      0x248 ./Drivers/STM32F3xx_HAL_Driver/Src/stm32f3xx_hal_uart.o
 .debug_ranges  0x0000000000000c30       0x60 ./Drivers/STM32F3xx_HAL_Driver/Src/stm32f3xx_hal_uart_ex.o

.debug_macro    0x0000000000000000    0x1b0f2
 .debug_macro   0x0000000000000000      0x1e0 ./Core/Src/main.o
 .debug_macro   0x00000000000001e0      0xa78 ./Core/Src/main.o
 .debug_macro   0x0000000000000c58      0x157 ./Core/Src/main.o
 .debug_macro   0x0000000000000daf       0x2e ./Core/Src/main.o
 .debug_macro   0x0000000000000ddd       0x28 ./Core/Src/main.o
 .debug_macro   0x0000000000000e05       0x22 ./Core/Src/main.o
 .debug_macro   0x0000000000000e27       0x8e ./Core/Src/main.o
 .debug_macro   0x0000000000000eb5       0x51 ./Core/Src/main.o
 .debug_macro   0x0000000000000f06      0x103 ./Core/Src/main.o
 .debug_macro   0x0000000000001009       0x6a ./Core/Src/main.o
 .debug_macro   0x0000000000001073      0x1df ./Core/Src/main.o
 .debug_macro   0x0000000000001252       0x1c ./Core/Src/main.o
 .debug_macro   0x000000000000126e       0x22 ./Core/Src/main.o
 .debug_macro   0x0000000000001290       0xd9 ./Core/Src/main.o
 .debug_macro   0x0000000000001369      0xf07 ./Core/Src/main.o
 .debug_macro   0x0000000000002270    0x110e8 ./Core/Src/main.o
 .debug_macro   0x0000000000013358       0x6d ./Core/Src/main.o
 .debug_macro   0x00000000000133c5     0x3558 ./Core/Src/main.o
 .debug_macro   0x000000000001691d      0x174 ./Core/Src/main.o
 .debug_macro   0x0000000000016a91       0x55 ./Core/Src/main.o
 .debug_macro   0x0000000000016ae6      0x8f8 ./Core/Src/main.o
 .debug_macro   0x00000000000173de      0x41b ./Core/Src/main.o
 .debug_macro   0x00000000000177f9      0x1b5 ./Core/Src/main.o
 .debug_macro   0x00000000000179ae      0x161 ./Core/Src/main.o
 .debug_macro   0x0000000000017b0f      0x1d5 ./Core/Src/main.o
 .debug_macro   0x0000000000017ce4      0x1bc ./Core/Src/main.o
 .debug_macro   0x0000000000017ea0       0x34 ./Core/Src/main.o
 .debug_macro   0x0000000000017ed4       0x3c ./Core/Src/main.o
 .debug_macro   0x0000000000017f10       0x57 ./Core/Src/main.o
 .debug_macro   0x0000000000017f67       0xc5 ./Core/Src/main.o
 .debug_macro   0x000000000001802c      0x19f ./Core/Src/main.o
 .debug_macro   0x00000000000181cb      0x22c ./Core/Src/main.o
 .debug_macro   0x00000000000183f7       0x5b ./Core/Src/main.o
 .debug_macro   0x0000000000018452       0xa5 ./Core/Src/main.o
 .debug_macro   0x00000000000184f7       0x81 ./Core/Src/main.o
 .debug_macro   0x0000000000018578       0xd3 ./Core/Src/main.o
 .debug_macro   0x000000000001864b      0xa59 ./Core/Src/main.o
 .debug_macro   0x00000000000190a4       0x41 ./Core/Src/main.o
 .debug_macro   0x00000000000190e5      0x5ba ./Core/Src/main.o
 .debug_macro   0x000000000001969f       0x44 ./Core/Src/main.o
 .debug_macro   0x00000000000196e3      0x1f7 ./Core/Src/main.o
 .debug_macro   0x00000000000198da       0x7c ./Core/Src/main.o
 .debug_macro   0x0000000000019956      0x1d4 ./Core/Src/stm32f3xx_hal_msp.o
 .debug_macro   0x0000000000019b2a      0x1e4 ./Core/Src/stm32f3xx_it.o
 .debug_macro   0x0000000000019d0e      0x1c5 ./Core/Src/system_stm32f3xx.o
 .debug_macro   0x0000000000019ed3      0x1e9 ./Drivers/STM32F3xx_HAL_Driver/Src/stm32f3xx_hal.o
 .debug_macro   0x000000000001a0bc      0x1c5 ./Drivers/STM32F3xx_HAL_Driver/Src/stm32f3xx_hal_cortex.o
 .debug_macro   0x000000000001a281      0x1c5 ./Drivers/STM32F3xx_HAL_Driver/Src/stm32f3xx_hal_dma.o
 .debug_macro   0x000000000001a446      0x1cc ./Drivers/STM32F3xx_HAL_Driver/Src/stm32f3xx_hal_gpio.o
 .debug_macro   0x000000000001a612      0x1e9 ./Drivers/STM32F3xx_HAL_Driver/Src/stm32f3xx_hal_rcc.o
 .debug_macro   0x000000000001a7fb      0x1c5 ./Drivers/STM32F3xx_HAL_Driver/Src/stm32f3xx_hal_rcc_ex.o
 .debug_macro   0x000000000001a9c0      0x1c6 ./Drivers/STM32F3xx_HAL_Driver/Src/stm32f3xx_hal_tim.o
 .debug_macro   0x000000000001ab86      0x1c5 ./Drivers/STM32F3xx_HAL_Driver/Src/stm32f3xx_hal_tim_ex.o
 .debug_macro   0x000000000001ad4b      0x1e2 ./Drivers/STM32F3xx_HAL_Driver/Src/stm32f3xx_hal_uart.o
 .debug_macro   0x000000000001af2d      0x1c5 ./Drivers/STM32F3xx_HAL_Driver/Src/stm32f3xx_hal_uart_ex.o

.debug_line     0x0000000000000000     0xfea7
 .debug_line    0x0000000000000000      0xe91 ./Core/Src/main.o
 .debug_line    0x0000000000000e91      0x834 ./Core/Src/stm32f3xx_hal_msp.o
 .debug_line    0x00000000000016c5      0x825 ./Core/Src/stm32f3xx_it.o
 .debug_line    0x0000000000001eea      0x6f2 ./Core/Src/system_stm32f3xx.o
 .debug_line    0x00000000000025dc       0x88 ./Core/Startup/startup_stm32f302r8tx.o
 .debug_line    0x0000000000002664      0x927 ./Drivers/STM32F3xx_HAL_Driver/Src/stm32f3xx_hal.o
 .debug_line    0x0000000000002f8b      0xb0f ./Drivers/STM32F3xx_HAL_Driver/Src/stm32f3xx_hal_cortex.o
 .debug_line    0x0000000000003a9a      0xc15 ./Drivers/STM32F3xx_HAL_Driver/Src/stm32f3xx_hal_dma.o
 .debug_line    0x00000000000046af      0xa72 ./Drivers/STM32F3xx_HAL_Driver/Src/stm32f3xx_hal_gpio.o
 .debug_line    0x0000000000005121     0x1304 ./Drivers/STM32F3xx_HAL_Driver/Src/stm32f3xx_hal_rcc.o
 .debug_line    0x0000000000006425      0xb64 ./Drivers/STM32F3xx_HAL_Driver/Src/stm32f3xx_hal_rcc_ex.o
 .debug_line    0x0000000000006f89     0x3b25 ./Drivers/STM32F3xx_HAL_Driver/Src/stm32f3xx_hal_tim.o
 .debug_line    0x000000000000aaae     0x196d ./Drivers/STM32F3xx_HAL_Driver/Src/stm32f3xx_hal_tim_ex.o
 .debug_line    0x000000000000c41b     0x2fee ./Drivers/STM32F3xx_HAL_Driver/Src/stm32f3xx_hal_uart.o
 .debug_line    0x000000000000f409      0xa9e ./Drivers/STM32F3xx_HAL_Driver/Src/stm32f3xx_hal_uart_ex.o

.debug_str      0x0000000000000000    0xa262a
 .debug_str     0x0000000000000000    0x9fb95 ./Core/Src/main.o
                                      0x9fffb (size before relaxing)
 .debug_str     0x000000000009fb95      0x15b ./Core/Src/stm32f3xx_hal_msp.o
                                      0x9f846 (size before relaxing)
 .debug_str     0x000000000009fcf0      0x184 ./Core/Src/stm32f3xx_it.o
                                      0x9f489 (size before relaxing)
 .debug_str     0x000000000009fe74       0xe9 ./Core/Src/system_stm32f3xx.o
                                      0x9ea6c (size before relaxing)
 .debug_str     0x000000000009ff5d       0x36 ./Core/Startup/startup_stm32f302r8tx.o
                                         0x7d (size before relaxing)
 .debug_str     0x000000000009ff93      0x384 ./Drivers/STM32F3xx_HAL_Driver/Src/stm32f3xx_hal.o
                                      0x9f1c6 (size before relaxing)
 .debug_str     0x00000000000a0317      0x22c ./Drivers/STM32F3xx_HAL_Driver/Src/stm32f3xx_hal_cortex.o
                                      0x9f0eb (size before relaxing)
 .debug_str     0x00000000000a0543      0x219 ./Drivers/STM32F3xx_HAL_Driver/Src/stm32f3xx_hal_dma.o
                                      0x9edb4 (size before relaxing)
 .debug_str     0x00000000000a075c      0x12b ./Drivers/STM32F3xx_HAL_Driver/Src/stm32f3xx_hal_gpio.o
                                      0x9ebe2 (size before relaxing)
 .debug_str     0x00000000000a0887      0x2d1 ./Drivers/STM32F3xx_HAL_Driver/Src/stm32f3xx_hal_rcc.o
                                      0x9ef0c (size before relaxing)
 .debug_str     0x00000000000a0b58       0xbe ./Drivers/STM32F3xx_HAL_Driver/Src/stm32f3xx_hal_rcc_ex.o
                                      0x9ec90 (size before relaxing)
 .debug_str     0x00000000000a0c16      0xc7a ./Drivers/STM32F3xx_HAL_Driver/Src/stm32f3xx_hal_tim.o
                                      0x9fe93 (size before relaxing)
 .debug_str     0x00000000000a1890      0x3ed ./Drivers/STM32F3xx_HAL_Driver/Src/stm32f3xx_hal_tim_ex.o
                                      0x9f6e9 (size before relaxing)
 .debug_str     0x00000000000a1c7d      0x7f5 ./Drivers/STM32F3xx_HAL_Driver/Src/stm32f3xx_hal_uart.o
                                      0x9f78f (size before relaxing)
 .debug_str     0x00000000000a2472      0x1b8 ./Drivers/STM32F3xx_HAL_Driver/Src/stm32f3xx_hal_uart_ex.o
                                      0x9f094 (size before relaxing)

.comment        0x0000000000000000       0x50
 .comment       0x0000000000000000       0x50 ./Core/Src/main.o
                                         0x51 (size before relaxing)
 .comment       0x0000000000000050       0x51 ./Core/Src/stm32f3xx_hal_msp.o
 .comment       0x0000000000000050       0x51 ./Core/Src/stm32f3xx_it.o
 .comment       0x0000000000000050       0x51 ./Core/Src/system_stm32f3xx.o
 .comment       0x0000000000000050       0x51 ./Drivers/STM32F3xx_HAL_Driver/Src/stm32f3xx_hal.o
 .comment       0x0000000000000050       0x51 ./Drivers/STM32F3xx_HAL_Driver/Src/stm32f3xx_hal_cortex.o
 .comment       0x0000000000000050       0x51 ./Drivers/STM32F3xx_HAL_Driver/Src/stm32f3xx_hal_dma.o
 .comment       0x0000000000000050       0x51 ./Drivers/STM32F3xx_HAL_Driver/Src/stm32f3xx_hal_gpio.o
 .comment       0x0000000000000050       0x51 ./Drivers/STM32F3xx_HAL_Driver/Src/stm32f3xx_hal_rcc.o
 .comment       0x0000000000000050       0x51 ./Drivers/STM32F3xx_HAL_Driver/Src/stm32f3xx_hal_rcc_ex.o
 .comment       0x0000000000000050       0x51 ./Drivers/STM32F3xx_HAL_Driver/Src/stm32f3xx_hal_tim.o
 .comment       0x0000000000000050       0x51 ./Drivers/STM32F3xx_HAL_Driver/Src/stm32f3xx_hal_tim_ex.o
 .comment       0x0000000000000050       0x51 ./Drivers/STM32F3xx_HAL_Driver/Src/stm32f3xx_hal_uart.o
 .comment       0x0000000000000050       0x51 ./Drivers/STM32F3xx_HAL_Driver/Src/stm32f3xx_hal_uart_ex.o

.debug_frame    0x0000000000000000     0x390c
 .debug_frame   0x0000000000000000      0x218 ./Core/Src/main.o
 .debug_frame   0x0000000000000218      0x180 ./Core/Src/stm32f3xx_hal_msp.o
 .debug_frame   0x0000000000000398      0x1bc ./Core/Src/stm32f3xx_it.o
 .debug_frame   0x0000000000000554       0x58 ./Core/Src/system_stm32f3xx.o
 .debug_frame   0x00000000000005ac      0x334 ./Drivers/STM32F3xx_HAL_Driver/Src/stm32f3xx_hal.o
 .debug_frame   0x00000000000008e0      0x428 ./Drivers/STM32F3xx_HAL_Driver/Src/stm32f3xx_hal_cortex.o
 .debug_frame   0x0000000000000d08      0x224 ./Drivers/STM32F3xx_HAL_Driver/Src/stm32f3xx_hal_dma.o
 .debug_frame   0x0000000000000f2c      0x14c ./Drivers/STM32F3xx_HAL_Driver/Src/stm32f3xx_hal_gpio.o
 .debug_frame   0x0000000000001078      0x214 ./Drivers/STM32F3xx_HAL_Driver/Src/stm32f3xx_hal_rcc.o
 .debug_frame   0x000000000000128c       0xb0 ./Drivers/STM32F3xx_HAL_Driver/Src/stm32f3xx_hal_rcc_ex.o
 .debug_frame   0x000000000000133c     0x121c ./Drivers/STM32F3xx_HAL_Driver/Src/stm32f3xx_hal_tim.o
 .debug_frame   0x0000000000002558      0x688 ./Drivers/STM32F3xx_HAL_Driver/Src/stm32f3xx_hal_tim_ex.o
 .debug_frame   0x0000000000002be0      0x9e8 ./Drivers/STM32F3xx_HAL_Driver/Src/stm32f3xx_hal_uart.o
 .debug_frame   0x00000000000035c8      0x1b4 ./Drivers/STM32F3xx_HAL_Driver/Src/stm32f3xx_hal_uart_ex.o
 .debug_frame   0x000000000000377c       0x2c c:/stm32cubeide/plugins/com.st.stm32cube.ide.mcu.externaltools.gnu-tools-for-stm32.10.3-2021.10.win32_1.0.0.202111181127/tools/bin/../lib/gcc/arm-none-eabi/10.3.1/../../../../arm-none-eabi/lib/thumb/v7e-m+fp/hard\libc_nano.a(lib_a-init.o)
 .debug_frame   0x00000000000037a8       0x20 c:/stm32cubeide/plugins/com.st.stm32cube.ide.mcu.externaltools.gnu-tools-for-stm32.10.3-2021.10.win32_1.0.0.202111181127/tools/bin/../lib/gcc/arm-none-eabi/10.3.1/../../../../arm-none-eabi/lib/thumb/v7e-m+fp/hard\libc_nano.a(lib_a-memset.o)
 .debug_frame   0x00000000000037c8       0xac c:/stm32cubeide/plugins/com.st.stm32cube.ide.mcu.externaltools.gnu-tools-for-stm32.10.3-2021.10.win32_1.0.0.202111181127/tools/bin/../lib/gcc/arm-none-eabi/10.3.1/thumb/v7e-m+fp/hard\libgcc.a(_arm_addsubdf3.o)
 .debug_frame   0x0000000000003874       0x50 c:/stm32cubeide/plugins/com.st.stm32cube.ide.mcu.externaltools.gnu-tools-for-stm32.10.3-2021.10.win32_1.0.0.202111181127/tools/bin/../lib/gcc/arm-none-eabi/10.3.1/thumb/v7e-m+fp/hard\libgcc.a(_arm_muldivdf3.o)
 .debug_frame   0x00000000000038c4       0x24 c:/stm32cubeide/plugins/com.st.stm32cube.ide.mcu.externaltools.gnu-tools-for-stm32.10.3-2021.10.win32_1.0.0.202111181127/tools/bin/../lib/gcc/arm-none-eabi/10.3.1/thumb/v7e-m+fp/hard\libgcc.a(_arm_fixdfsi.o)
 .debug_frame   0x00000000000038e8       0x24 c:/stm32cubeide/plugins/com.st.stm32cube.ide.mcu.externaltools.gnu-tools-for-stm32.10.3-2021.10.win32_1.0.0.202111181127/tools/bin/../lib/gcc/arm-none-eabi/10.3.1/thumb/v7e-m+fp/hard\libgcc.a(_arm_fixunsdfsi.o)
