../Core/Src/main.c:157:5:main	16	static
../Core/Src/main.c:291:6:SystemClock_Config	120	static
../Core/Src/main.c:345:13:MX_ADC1_Init	32	static
../Core/Src/main.c:402:13:MX_TIM1_Init	72	static
../Core/Src/main.c:470:13:MX_TIM2_Init	72	static
../Core/Src/main.c:536:13:MX_TIM6_Init	24	static
../Core/Src/main.c:574:13:MX_TIM15_Init	96	static
../Core/Src/main.c:644:13:MX_TIM16_Init	24	static
../Core/Src/main.c:690:13:MX_TIM17_Init	24	static
../Core/Src/main.c:736:13:MX_USART1_UART_Init	8	static
../Core/Src/main.c:771:13:MX_USART2_UART_Init	8	static
../Core/Src/main.c:804:13:MX_DMA_Init	16	static
../Core/Src/main.c:825:13:MX_GPIO_Init	48	static
../Core/Src/main.c:880:6:HAL_UART_TxCpltCallback	16	static
../Core/Src/main.c:887:6:Transmit_DMA	32	static
../Core/Src/main.c:907:1:HAL_TIM_PeriodElapsedCallback	24	static
../Core/Src/main.c:1007:10:CalculateCRC16	24	static
../Core/Src/main.c:1033:6:Error_Handler	4	static,ignoring_inline_asm
