../Core/Src/main.c:148:5:main	16	static
../Core/Src/main.c:274:6:SystemClock_Config	120	static
../Core/Src/main.c:321:13:MX_TIM2_Init	56	static
../Core/Src/main.c:370:13:MX_TIM6_Init	24	static
../Core/Src/main.c:408:13:MX_TIM15_Init	96	static
../Core/Src/main.c:474:13:MX_USART1_UART_Init	8	static
../Core/Src/main.c:509:13:MX_USART2_UART_Init	8	static
../Core/Src/main.c:542:13:MX_DMA_Init	16	static
../Core/Src/main.c:563:13:MX_GPIO_Init	48	static
../Core/Src/main.c:592:6:HAL_UART_TxCpltCallback	16	static
../Core/Src/main.c:599:6:Transmit_DMA	32	static
../Core/Src/main.c:619:1:HAL_TIM_PeriodElapsedCallback	24	static
../Core/Src/main.c:719:10:CalculateCRC16	24	static
../Core/Src/main.c:745:6:Error_Handler	4	static,ignoring_inline_asm
