../Core/Src/main.c:156:5:main	24	static
../Core/Src/main.c:397:6:SystemClock_Config	120	static
../Core/Src/main.c:444:13:MX_TIM2_Init	56	static
../Core/Src/main.c:493:13:MX_TIM6_Init	24	static
../Core/Src/main.c:531:13:MX_TIM15_Init	96	static
../Core/Src/main.c:597:13:MX_USART1_UART_Init	8	static
../Core/Src/main.c:632:13:MX_USART2_UART_Init	8	static
../Core/Src/main.c:665:13:MX_DMA_Init	16	static
../Core/Src/main.c:686:13:MX_GPIO_Init	48	static
../Core/Src/main.c:715:6:HAL_UART_TxCpltCallback	16	static
../Core/Src/main.c:722:6:Transmit_DMA	32	static
../Core/Src/main.c:742:1:HAL_TIM_PeriodElapsedCallback	24	static
../Core/Src/main.c:804:10:CalculateCRC16	24	static
../Core/Src/main.c:825:6:Make_Rply_Head	16	static
../Core/Src/main.c:843:6:Error_Handler	4	static,ignoring_inline_asm
