../Drivers/STM32F3xx_HAL_Driver/Src/stm32f3xx_hal_uart.c:289:19:HAL_UART_Init	16	static
../Drivers/STM32F3xx_HAL_Driver/Src/stm32f3xx_hal_uart.c:362:19:HAL_HalfDuplex_Init	16	static
../Drivers/STM32F3xx_HAL_Driver/Src/stm32f3xx_hal_uart.c:435:19:HAL_LIN_Init	16	static
../Drivers/STM32F3xx_HAL_Driver/Src/stm32f3xx_hal_uart.c:532:19:HAL_MultiProcessor_Init	24	static
../Drivers/STM32F3xx_HAL_Driver/Src/stm32f3xx_hal_uart.c:606:19:HAL_UART_DeInit	16	static
../Drivers/STM32F3xx_HAL_Driver/Src/stm32f3xx_hal_uart.c:653:13:HAL_UART_MspInit	16	static
../Drivers/STM32F3xx_HAL_Driver/Src/stm32f3xx_hal_uart.c:668:13:HAL_UART_MspDeInit	16	static
../Drivers/STM32F3xx_HAL_Driver/Src/stm32f3xx_hal_uart.c:1079:19:HAL_UART_Transmit	48	static
../Drivers/STM32F3xx_HAL_Driver/Src/stm32f3xx_hal_uart.c:1165:19:HAL_UART_Receive	48	static
../Drivers/STM32F3xx_HAL_Driver/Src/stm32f3xx_hal_uart.c:1249:19:HAL_UART_Transmit_IT	48	static,ignoring_inline_asm
../Drivers/STM32F3xx_HAL_Driver/Src/stm32f3xx_hal_uart.c:1298:19:HAL_UART_Receive_IT	48	static,ignoring_inline_asm
../Drivers/STM32F3xx_HAL_Driver/Src/stm32f3xx_hal_uart.c:1336:19:HAL_UART_Transmit_DMA	48	static,ignoring_inline_asm
../Drivers/STM32F3xx_HAL_Driver/Src/stm32f3xx_hal_uart.c:1407:19:HAL_UART_Receive_DMA	48	static,ignoring_inline_asm
../Drivers/STM32F3xx_HAL_Driver/Src/stm32f3xx_hal_uart.c:1440:19:HAL_UART_DMAPause	120	static,ignoring_inline_asm
../Drivers/STM32F3xx_HAL_Driver/Src/stm32f3xx_hal_uart.c:1470:19:HAL_UART_DMAResume	112	static,ignoring_inline_asm
../Drivers/STM32F3xx_HAL_Driver/Src/stm32f3xx_hal_uart.c:1501:19:HAL_UART_DMAStop	72	static,ignoring_inline_asm
../Drivers/STM32F3xx_HAL_Driver/Src/stm32f3xx_hal_uart.c:1576:19:HAL_UART_Abort	136	static,ignoring_inline_asm
../Drivers/STM32F3xx_HAL_Driver/Src/stm32f3xx_hal_uart.c:1673:19:HAL_UART_AbortTransmit	64	static,ignoring_inline_asm
../Drivers/STM32F3xx_HAL_Driver/Src/stm32f3xx_hal_uart.c:1726:19:HAL_UART_AbortReceive	112	static,ignoring_inline_asm
../Drivers/STM32F3xx_HAL_Driver/Src/stm32f3xx_hal_uart.c:1794:19:HAL_UART_Abort_IT	144	static,ignoring_inline_asm
../Drivers/STM32F3xx_HAL_Driver/Src/stm32f3xx_hal_uart.c:1941:19:HAL_UART_AbortTransmit_IT	64	static,ignoring_inline_asm
../Drivers/STM32F3xx_HAL_Driver/Src/stm32f3xx_hal_uart.c:2026:19:HAL_UART_AbortReceive_IT	112	static,ignoring_inline_asm
../Drivers/STM32F3xx_HAL_Driver/Src/stm32f3xx_hal_uart.c:2119:6:HAL_UART_IRQHandler	240	static,ignoring_inline_asm
../Drivers/STM32F3xx_HAL_Driver/Src/stm32f3xx_hal_uart.c:2421:13:HAL_UART_TxCpltCallback	16	static
../Drivers/STM32F3xx_HAL_Driver/Src/stm32f3xx_hal_uart.c:2436:13:HAL_UART_TxHalfCpltCallback	16	static
../Drivers/STM32F3xx_HAL_Driver/Src/stm32f3xx_hal_uart.c:2451:13:HAL_UART_RxCpltCallback	16	static
../Drivers/STM32F3xx_HAL_Driver/Src/stm32f3xx_hal_uart.c:2466:13:HAL_UART_RxHalfCpltCallback	16	static
../Drivers/STM32F3xx_HAL_Driver/Src/stm32f3xx_hal_uart.c:2481:13:HAL_UART_ErrorCallback	16	static
../Drivers/STM32F3xx_HAL_Driver/Src/stm32f3xx_hal_uart.c:2496:13:HAL_UART_AbortCpltCallback	16	static
../Drivers/STM32F3xx_HAL_Driver/Src/stm32f3xx_hal_uart.c:2511:13:HAL_UART_AbortTransmitCpltCallback	16	static
../Drivers/STM32F3xx_HAL_Driver/Src/stm32f3xx_hal_uart.c:2526:13:HAL_UART_AbortReceiveCpltCallback	16	static
../Drivers/STM32F3xx_HAL_Driver/Src/stm32f3xx_hal_uart.c:2543:13:HAL_UARTEx_RxEventCallback	16	static
../Drivers/STM32F3xx_HAL_Driver/Src/stm32f3xx_hal_uart.c:2591:6:HAL_UART_ReceiverTimeout_Config	16	static
../Drivers/STM32F3xx_HAL_Driver/Src/stm32f3xx_hal_uart.c:2603:19:HAL_UART_EnableReceiverTimeout	16	static
../Drivers/STM32F3xx_HAL_Driver/Src/stm32f3xx_hal_uart.c:2634:19:HAL_UART_DisableReceiverTimeout	16	static
../Drivers/STM32F3xx_HAL_Driver/Src/stm32f3xx_hal_uart.c:2665:19:HAL_MultiProcessor_EnableMuteMode	40	static,ignoring_inline_asm
../Drivers/STM32F3xx_HAL_Driver/Src/stm32f3xx_hal_uart.c:2685:19:HAL_MultiProcessor_DisableMuteMode	40	static,ignoring_inline_asm
../Drivers/STM32F3xx_HAL_Driver/Src/stm32f3xx_hal_uart.c:2705:6:HAL_MultiProcessor_EnterMuteMode	16	static
../Drivers/STM32F3xx_HAL_Driver/Src/stm32f3xx_hal_uart.c:2715:19:HAL_HalfDuplex_EnableTransmitter	64	static,ignoring_inline_asm
../Drivers/STM32F3xx_HAL_Driver/Src/stm32f3xx_hal_uart.c:2738:19:HAL_HalfDuplex_EnableReceiver	64	static,ignoring_inline_asm
../Drivers/STM32F3xx_HAL_Driver/Src/stm32f3xx_hal_uart.c:2762:19:HAL_LIN_SendBreak	16	static
../Drivers/STM32F3xx_HAL_Driver/Src/stm32f3xx_hal_uart.c:2807:23:HAL_UART_GetState	24	static
../Drivers/STM32F3xx_HAL_Driver/Src/stm32f3xx_hal_uart.c:2823:10:HAL_UART_GetError	16	static
../Drivers/STM32F3xx_HAL_Driver/Src/stm32f3xx_hal_uart.c:2867:19:UART_SetConfig	40	static
../Drivers/STM32F3xx_HAL_Driver/Src/stm32f3xx_hal_uart.c:3011:6:UART_AdvFeatureConfig	16	static
../Drivers/STM32F3xx_HAL_Driver/Src/stm32f3xx_hal_uart.c:3085:19:UART_CheckIdleState	104	static,ignoring_inline_asm
../Drivers/STM32F3xx_HAL_Driver/Src/stm32f3xx_hal_uart.c:3154:19:UART_WaitOnFlagUntilTimeout	24	static
../Drivers/STM32F3xx_HAL_Driver/Src/stm32f3xx_hal_uart.c:3222:19:UART_Start_Receive_IT	96	static,ignoring_inline_asm
../Drivers/STM32F3xx_HAL_Driver/Src/stm32f3xx_hal_uart.c:3271:19:UART_Start_Receive_DMA	96	static,ignoring_inline_asm
../Drivers/STM32F3xx_HAL_Driver/Src/stm32f3xx_hal_uart.c:3328:13:UART_EndTxTransfer	40	static,ignoring_inline_asm
../Drivers/STM32F3xx_HAL_Driver/Src/stm32f3xx_hal_uart.c:3343:13:UART_EndRxTransfer	88	static,ignoring_inline_asm
../Drivers/STM32F3xx_HAL_Driver/Src/stm32f3xx_hal_uart.c:3369:13:UART_DMATransmitCplt	72	static,ignoring_inline_asm
../Drivers/STM32F3xx_HAL_Driver/Src/stm32f3xx_hal_uart.c:3403:13:UART_DMATxHalfCplt	24	static
../Drivers/STM32F3xx_HAL_Driver/Src/stm32f3xx_hal_uart.c:3421:13:UART_DMAReceiveCplt	120	static,ignoring_inline_asm
../Drivers/STM32F3xx_HAL_Driver/Src/stm32f3xx_hal_uart.c:3482:13:UART_DMARxHalfCplt	24	static
../Drivers/STM32F3xx_HAL_Driver/Src/stm32f3xx_hal_uart.c:3520:13:UART_DMAError	32	static
../Drivers/STM32F3xx_HAL_Driver/Src/stm32f3xx_hal_uart.c:3560:13:UART_DMAAbortOnError	24	static
../Drivers/STM32F3xx_HAL_Driver/Src/stm32f3xx_hal_uart.c:3583:13:UART_DMATxAbortCallback	24	static
../Drivers/STM32F3xx_HAL_Driver/Src/stm32f3xx_hal_uart.c:3633:13:UART_DMARxAbortCallback	24	static
../Drivers/STM32F3xx_HAL_Driver/Src/stm32f3xx_hal_uart.c:3685:13:UART_DMATxOnlyAbortCallback	24	static
../Drivers/STM32F3xx_HAL_Driver/Src/stm32f3xx_hal_uart.c:3713:13:UART_DMARxOnlyAbortCallback	24	static
../Drivers/STM32F3xx_HAL_Driver/Src/stm32f3xx_hal_uart.c:3746:13:UART_TxISR_8BIT	64	static,ignoring_inline_asm
../Drivers/STM32F3xx_HAL_Driver/Src/stm32f3xx_hal_uart.c:3775:13:UART_TxISR_16BIT	72	static,ignoring_inline_asm
../Drivers/STM32F3xx_HAL_Driver/Src/stm32f3xx_hal_uart.c:3807:13:UART_EndTransmit_IT	40	static,ignoring_inline_asm
../Drivers/STM32F3xx_HAL_Driver/Src/stm32f3xx_hal_uart.c:3832:13:UART_RxISR_8BIT	120	static,ignoring_inline_asm
../Drivers/STM32F3xx_HAL_Driver/Src/stm32f3xx_hal_uart.c:3920:13:UART_RxISR_16BIT	120	static,ignoring_inline_asm
